Microchip Technology Inc, v2.10 (A)

Tool Name:
  c:\program files\microchip\xc16\v2.10\bin\bin\..\bin/elf-ld.exe

Command:
  -TC:\\Users\\lbriard\\AppData\\Local\\Temp\\tmp00007528.00 \
  -TC:\\Users\\lbriard\\AppData\\Local\\Temp\\tmp00007528.01 \
  -TC:\\Users\\lbriard\\AppData\\Local\\Temp\\tmp00007528.02 \
  -TC:\\Users\\lbriard\\AppData\\Local\\Temp\\tmp00007528.03 \
  -TC:\\Users\\lbriard\\AppData\\Local\\Temp\\tmp00007528.04 \
  -p24FJ256GB108 \
  -o \
  dist/default/debug/test_indus.X.debug.elf \
  -Lc:/program files/microchip/xc16/v2.10/bin/bin/.. \
  -Lc:/program files/microchip/xc16/v2.10/bin/bin/../../lib \
  -Lc:/program files/microchip/xc16/v2.10/bin/bin/../../support/PIC24E/gld \
  -Lc:/program files/microchip/xc16/v2.10/bin/bin/../../support/PIC24F/gld \
  -Lc:/program files/microchip/xc16/v2.10/bin/bin/../../support/PIC24H/gld \
  -Lc:/program files/microchip/xc16/v2.10/bin/bin/../../support/dsPIC30F/gld \
  -Lc:/program files/microchip/xc16/v2.10/bin/bin/../../support/dsPIC33C/gld \
  -Lc:/program files/microchip/xc16/v2.10/bin/bin/../../support/dsPIC33E/gld \
  -Lc:/program files/microchip/xc16/v2.10/bin/bin/../../support/dsPIC33F/gld \
  build/default/debug/_ext/1563683617/Announce.o \
  build/default/debug/_ext/1563683617/ARP.o \
  build/default/debug/_ext/1563683617/AutoIP.o \
  build/default/debug/_ext/1563683617/BerkeleyAPI.o \
  build/default/debug/_ext/1563683617/Delay.o \
  build/default/debug/_ext/1563683617/DHCP.o \
  build/default/debug/_ext/1563683617/DHCPs.o \
  build/default/debug/_ext/1563683617/DNS.o \
  build/default/debug/_ext/1563683617/DynDNS.o \
  build/default/debug/_ext/1563683617/FTP.o \
  build/default/debug/_ext/1563683617/Hashes.o \
  build/default/debug/_ext/1563683617/Helpers.o \
  build/default/debug/_ext/1563683617/HTTP2.o \
  build/default/debug/_ext/1563683617/ICMP.o \
  build/default/debug/_ext/1563683617/IP.o \
  build/default/debug/_ext/1563683617/MPFS2.o \
  build/default/debug/_ext/1563683617/NBNS.o \
  build/default/debug/_ext/1563683617/Random.o \
  build/default/debug/_ext/1563683617/Reboot.o \
  build/default/debug/_ext/1563683617/SMTP.o \
  build/default/debug/_ext/1563683617/SNMP.o \
  build/default/debug/_ext/1563683617/SNTP.o \
  build/default/debug/_ext/1563683617/SPIEEPROM.o \
  build/default/debug/_ext/1563683617/SPIFlash.o \
  build/default/debug/_ext/1563683617/SPIRAM.o \
  build/default/debug/_ext/1563683617/SSL.o \
  build/default/debug/_ext/1563683617/StackTsk.o \
  build/default/debug/_ext/1563683617/TCP.o \
  build/default/debug/_ext/1563683617/TCPPerformanceTest.o \
  build/default/debug/_ext/1563683617/Telnet.o \
  build/default/debug/_ext/1563683617/TFTPc.o \
  build/default/debug/_ext/1563683617/Tick.o \
  build/default/debug/_ext/1563683617/UART.o \
  build/default/debug/_ext/1563683617/UDP.o \
  build/default/debug/_ext/1563683617/UDPPerformanceTest.o \
  build/default/debug/_ext/1563683617/ENCX24J600.o \
  build/default/debug/_ext/1563683617/ENC28J60.o \
  build/default/debug/_ext/1563683617/UART1TCPBridge.o \
  build/default/debug/_ext/1472/CustomHTTPApp.o \
  build/default/debug/_ext/164278092/PW_indus.o \
  build/default/debug/_ext/1472/Main.o \
  build/default/debug/_ext/1472/board_init.o \
  build/default/debug/_ext/1472/app_init.o \
  build/default/debug/_ext/1472/net_tasks.o \
  build/default/debug/_ext/1472/time_sync.o \
  build/default/debug/_ext/1472/uart_utils.o \
  build/default/debug/_ext/1472/interrupts.o \
  build/default/debug/_ext/1472/03_variables.o \
  build/default/debug/_ext/1472/02_Constantes.o \
  build/default/debug/_ext/1472/04_Fonctions.o \
  build/default/debug/_ext/1472/EEPROM.o \
  build/default/debug/_ext/1472/nv_mem.o \
  --defsym=__MPLAB_BUILD=1 \
  --defsym=__MPLAB_DEBUG=1 \
  --defsym=__DEBUG=1 \
  --defsym=__MPLAB_DEBUGGER_ICD5=1 \
  -Tp24FJ256GB108.gld.05 \
  --heap=1024 \
  --stack=16 \
  --check-sections \
  --data-init \
  --pack-data \
  --handles \
  --isr \
  --no-gc-sections \
  --fill-upper=0 \
  --stackguard=16 \
  --library-path=.. \
  --library-path=. \
  --no-force-link \
  --smart-io \
  -Map=dist/default/debug/Horloge_principale_1.X.debug.map \
  --memorysummary \
  dist/default/debug/memoryfile.xml \
  -start-group \
  --library=c99-pic30-elf \
  --library=m-elf \
  --library=c99-elf \
  -end-group \


Optional library libpPIC24Fxxx.a not found
Archive member included because of file (symbol)

c:/program files/microchip/xc16/v2.10/bin/bin/../../lib\libc99-pic30-elf.a(crt0_standard.o)
                              (__resetPRI)
c:/program files/microchip/xc16/v2.10/bin/bin/../../lib\libc99-pic30-elf.a(data_init_standard.o)
                              c:/program files/microchip/xc16/v2.10/bin/bin/../../lib\libc99-pic30-elf.a(crt0_standard.o) (__data_init_standard)
c:/program files/microchip/xc16/v2.10/bin/bin/../../lib\libc99-pic30-elf.a(crt_start_mode_normal.Meo)
                              (__crt_start_mode_normal)
[...]
Memory Configuration

Name             Origin             Length             Attributes
data             0x000800           0x004000           a !xr
reset            0x000000           0x000004  
ivt              0x000004           0x0000fc  
_reserved        0x000100           0x000004  
aivt             0x000104           0x0000fc  
program          0x000200           0x02a9f8           xr
CONFIG3          0x02abfa           0x000002  
CONFIG2          0x02abfc           0x000002  
CONFIG1          0x02abfe           0x000002  
*default*        0x000000           0xffffffff  

Linker script and memory map


reserve_data_0x800
                    0x0800         0x20
                    0x0820                  . = 0x20
 *fill*             0x0800         0x2000

reserve_data_0x820
                    0x0820          0x2
                    0x0822                  . = 0x2
 *fill*             0x0820          0x200

reserve_data_0x822
                    0x0822          0x2
                    0x0824                  . = 0x2
 *fill*             0x0822          0x200

reserve_data_0x824
                    0x0824          0x2
                    0x0826                  . = 0x2
 *fill*             0x0824          0x200

reserve_data_0x826
                    0x0826         0x2a
                    0x0850                  . = 0x2a
 *fill*             0x0826         0x2a00
LOAD build/default/debug/_ext/1563683617/Announce.o
LOAD build/default/debug/_ext/1563683617/ARP.o
LOAD build/default/debug/_ext/1563683617/AutoIP.o
LOAD build/default/debug/_ext/1563683617/BerkeleyAPI.o
LOAD build/default/debug/_ext/1563683617/Delay.o
LOAD build/default/debug/_ext/1563683617/DHCP.o
LOAD build/default/debug/_ext/1563683617/DHCPs.o
LOAD build/default/debug/_ext/1563683617/DNS.o
LOAD build/default/debug/_ext/1563683617/DynDNS.o
LOAD build/default/debug/_ext/1563683617/FTP.o
LOAD build/default/debug/_ext/1563683617/Hashes.o
LOAD build/default/debug/_ext/1563683617/Helpers.o
LOAD build/default/debug/_ext/1563683617/HTTP2.o
LOAD build/default/debug/_ext/1563683617/ICMP.o
LOAD build/default/debug/_ext/1563683617/IP.o
LOAD build/default/debug/_ext/1563683617/MPFS2.o
LOAD build/default/debug/_ext/1563683617/NBNS.o
LOAD build/default/debug/_ext/1563683617/Random.o
LOAD build/default/debug/_ext/1563683617/Reboot.o
LOAD build/default/debug/_ext/1563683617/SMTP.o
LOAD build/default/debug/_ext/1563683617/SNMP.o
LOAD build/default/debug/_ext/1563683617/SNTP.o
LOAD build/default/debug/_ext/1563683617/SPIEEPROM.o
LOAD build/default/debug/_ext/1563683617/SPIFlash.o
LOAD build/default/debug/_ext/1563683617/SPIRAM.o
LOAD build/default/debug/_ext/1563683617/SSL.o
LOAD build/default/debug/_ext/1563683617/StackTsk.o
LOAD build/default/debug/_ext/1563683617/TCP.o
LOAD build/default/debug/_ext/1563683617/TCPPerformanceTest.o
LOAD build/default/debug/_ext/1563683617/Telnet.o
LOAD build/default/debug/_ext/1563683617/TFTPc.o
LOAD build/default/debug/_ext/1563683617/Tick.o
LOAD build/default/debug/_ext/1563683617/UART.o
LOAD build/default/debug/_ext/1563683617/UDP.o
LOAD build/default/debug/_ext/1563683617/UDPPerformanceTest.o
LOAD build/default/debug/_ext/1563683617/ENCX24J600.o
LOAD build/default/debug/_ext/1563683617/ENC28J60.o
LOAD build/default/debug/_ext/1563683617/UART1TCPBridge.o
LOAD build/default/debug/_ext/1472/CustomHTTPApp.o
LOAD build/default/debug/_ext/164278092/PW_indus.o
LOAD build/default/debug/_ext/1472/Main.o
LOAD build/default/debug/_ext/1472/board_init.o
LOAD build/default/debug/_ext/1472/app_init.o
LOAD build/default/debug/_ext/1472/net_tasks.o
LOAD build/default/debug/_ext/1472/time_sync.o
LOAD build/default/debug/_ext/1472/uart_utils.o
LOAD build/default/debug/_ext/1472/interrupts.o
LOAD build/default/debug/_ext/1472/03_variables.o
LOAD build/default/debug/_ext/1472/02_Constantes.o
LOAD build/default/debug/_ext/1472/04_Fonctions.o
LOAD build/default/debug/_ext/1472/EEPROM.o
LOAD build/default/debug/_ext/1472/nv_mem.o
                    0x0001                  __MPLAB_BUILD = 0x1
                    0x0001                  __MPLAB_DEBUG = 0x1
                    0x0001                  __DEBUG = 0x1
                    0x0001                  __MPLAB_DEBUGGER_ICD5 = 0x1
LOAD pPIC24Fxxx
LOAD c:/program files/microchip/xc16/v2.10/bin/bin/../../lib\libfx-elf.a
                    0x2abfa                  __CONFIG3 = 0x2abfa
                    0x2abfc                  __CONFIG2 = 0x2abfc
                    0x2abfe                  __CONFIG1 = 0x2abfe
                    0x0200                  __CODE_BASE = 0x200
                    0x2a9f8                  __CODE_LENGTH = 0x2a9f8
                    0x0004                  __IVT_BASE = 0x4
                    0x0104                  __AIVT_BASE = 0x104
                    0x0800                  __DATA_BASE = 0x800
                    0x4000                  __DATA_LENGTH = 0x4000

.reset            0x000000          0x4
                  0x000000          0x2 SHORT 0x200 ABSOLUTE (__reset)
                  0x000001          0x2 SHORT 0x4
                  0x000002          0x2 SHORT 0x0 ((ABSOLUTE (__reset) >> 0x10) & 0x7f)
                  0x000003          0x2 SHORT 0x0

.text             0x000200       0x3bce
 *(.init)
 .init            0x000200         0x4c c:/program files/microchip/xc16/v2.10/bin/bin/../../lib\libc99-pic30-elf.a(crt0_standard.o)
                  0x000200                  __resetPRI
                  0x000200                  __reset
                  0x00023c                  __psv_init
 .init            0x00024c         0x7c c:/program files/microchip/xc16/v2.10/bin/bin/../../lib\libc99-pic30-elf.a(data_init_standard.o)
                  0x000252                  __data_init_standard
                  0x000252                  __data_init
 *(.user_init)
 *(.handle)
 .handle          0x0002c8          0x4 jump_table
 *(.isr*)
 .isr.text        0x0002cc         0x18 build/default/debug/_ext/1563683617/Tick.o
                  0x0002cc                  __T1Interrupt
 .isr.text        0x0002e4         0x74 build/default/debug/_ext/1563683617/UART1TCPBridge.o
                  0x0002e4                  __U1RXInterrupt
                  0x000326                  __U1TXInterrupt
 .isr.text        0x000358         0x8e build/default/debug/_ext/1472/interrupts.o
                  0x000358                  __T2Interrupt
 .isr             0x0003e6          0x4 default_isr
                  0x0003e6                  __DefaultInterrupt
 *(.libc)
 .libc            0x0003ea         0x2a c:/program files/microchip/xc16/v2.10/bin/bin/../../lib\libc99-pic30-elf.a(sbrk.Meo)
                  0x0003ea                  _sbrk
 .libc            0x000414         0x1a c:/program files/microchip/xc16/v2.10/bin/bin/../../lib\libc99-pic30-elf.a(brk.Meo)
                  0x000414                  _brk
 *(.libm)
 *(.libdsp)
 *(.lib*)
 .libpic30_crt_start_mode
                  0x00042e          0x2 c:/program files/microchip/xc16/v2.10/bin/bin/../../lib\libc99-pic30-elf.a(crt_start_mode_normal.Meo)
                  0x00042e                  __crt_start_mode
                  0x00042e                  __crt_start_mode_normal
 .libm.udivsi3    0x000430         0x20 c:/program files/microchip/xc16/v2.10/bin/bin/../../lib\libc99-pic30-elf.a(udivsi3.XX_o)
                  0x000430                  ___udivsi3
 .libm.__PplusBdi
                  0x000450         0x26 c:/program files/microchip/xc16/v2.10/bin/bin/../../lib\libc99-pic30-elf.a(divmoddi3.XX_o)
 .libm.__PminusBdi
                  0x000476         0x26 c:/program files/microchip/xc16/v2.10/bin/bin/../../lib\libc99-pic30-elf.a(divmoddi3.XX_o)
 .libm.__udivmoddi3
                  0x00049c         0xe6 c:/program files/microchip/xc16/v2.10/bin/bin/../../lib\libc99-pic30-elf.a(divmoddi3.XX_o)
                  0x00049c                  ___udivmoddi3
 .libm.__udivdi3
                  0x000582          0xe c:/program files/microchip/xc16/v2.10/bin/bin/../../lib\libc99-pic30-elf.a(divmoddi3.XX_o)
                  0x000582                  ___udivdi3
 .libm.__umoddi3
                  0x000590          0x8 c:/program files/microchip/xc16/v2.10/bin/bin/../../lib\libc99-pic30-elf.a(divmoddi3.XX_o)
                  0x000590                  ___umoddi3
 .libm.__divdi3
                  0x000598         0x60 c:/program files/microchip/xc16/v2.10/bin/bin/../../lib\libc99-pic30-elf.a(divmoddi3.XX_o)
                  0x000598                  ___divdi3
 .libm.__moddi3
                  0x0005f8         0x5c c:/program files/microchip/xc16/v2.10/bin/bin/../../lib\libc99-pic30-elf.a(divmoddi3.XX_o)
                  0x0005f8                  ___moddi3
 .libm.__muldi3
                  0x000654         0x52 c:/program files/microchip/xc16/v2.10/bin/bin/../../lib\libc99-pic30-elf.a(muldi3.XX_o)
                  0x000654                  ___muldi3
 .libm.umuldi3    0x0006a6         0x44 c:/program files/microchip/xc16/v2.10/bin/bin/../../lib\libc99-pic30-elf.a(umuldi3.XX_o)
                  0x0006a6                  ___umuldi3
 .libc.__wrap_sprintf
                  0x0006ea          0xc c:/program files/microchip/xc16/v2.10/bin/bin/../../lib\libc99-elf.a(__sio_sprintf_doux.XX_o)
                  0x0006ea                  __sprintf_cdnopuxX
                  0x0006ea                  __dsprintf_cdnopuxX
 .libc.__sio_sprintf_doux
                  0x0006f6          0xe c:/program files/microchip/xc16/v2.10/bin/bin/../../lib\libc99-elf.a(__sio_sprintf_doux.XX_o)
                  0x0006f6                  ___sio_sprintf_doux
 .libc.__isspace
                  0x000704         0x14 c:/program files/microchip/xc16/v2.10/bin/bin/../../lib\libc99-elf.a(atoi.XX_o)
 .libc.atoi       0x000718         0x4c c:/program files/microchip/xc16/v2.10/bin/bin/../../lib\libc99-elf.a(atoi.XX_o)
                  0x000718                  _atoi
 .libc.__isspace
                  0x000764         0x14 c:/program files/microchip/xc16/v2.10/bin/bin/../../lib\libc99-elf.a(atol.XX_o)
 .libc.atol       0x000778         0x54 c:/program files/microchip/xc16/v2.10/bin/bin/../../lib\libc99-elf.a(atol.XX_o)
                  0x000778                  _atol
 .libc.localtime
                  0x0007cc          0x4 c:/program files/microchip/xc16/v2.10/bin/bin/../../lib\libc99-elf.a(localtime.XX_o)
                  0x0007cc                  _localtime
 .libc.memcmp     0x0007d0         0x1c c:/program files/microchip/xc16/v2.10/bin/bin/../../lib\libc99-elf.a(memcmp.XX_o)
                  0x0007d0                  _memcmp
 .libc.memcpy     0x0007ec          0xe c:/program files/microchip/xc16/v2.10/bin/bin/../../lib\libc99-elf.a(memcpy.XX_o)
                  0x0007ec                  _memcpy
 .libc.memset     0x0007fa         0xc8 c:/program files/microchip/xc16/v2.10/bin/bin/../../lib\libc99-elf.a(memset.XX_o)
                  0x0007fa                  _memset
 .libc.mktime     0x0008c2         0x50 c:/program files/microchip/xc16/v2.10/bin/bin/../../lib\libc99-elf.a(mktime.XX_o)
                  0x0008c2                  _mktime
 .libc.strcmp     0x000912         0x16 c:/program files/microchip/xc16/v2.10/bin/bin/../../lib\libc99-elf.a(strcmp.XX_o)
                  0x000912                  _strcmp
 .libc.is_leap    0x000928         0x32 c:/program files/microchip/xc16/v2.10/bin/bin/../../lib\libc99-elf.a(strftime.XX_o)
 .libc.week_num
                  0x00095a         0x84 c:/program files/microchip/xc16/v2.10/bin/bin/../../lib\libc99-elf.a(strftime.XX_o)
 .libc.__strftime_l
                  0x0009de        0x142 c:/program files/microchip/xc16/v2.10/bin/bin/../../lib\libc99-elf.a(strftime.XX_o)
                  0x0009de                  ___strftime_l
                  0x0009de                  _strftime_l
 .libc.__strftime_fmt_1
                  0x000b20        0x450 c:/program files/microchip/xc16/v2.10/bin/bin/../../lib\libc99-elf.a(strftime.XX_o)
                  0x000b20                  ___strftime_fmt_1
 .libc.strftime
                  0x000f70          0x4 c:/program files/microchip/xc16/v2.10/bin/bin/../../lib\libc99-elf.a(strftime.XX_o)
                  0x000f70                  _strftime
 .libc.strlen     0x000f74         0x30 c:/program files/microchip/xc16/v2.10/bin/bin/../../lib\libc99-elf.a(strlen.XX_o)
                  0x000f74                  _strlen
 .libc.strncpy    0x000fa4          0xe c:/program files/microchip/xc16/v2.10/bin/bin/../../lib\libc99-elf.a(strncpy.XX_o)
                  0x000fa4                  _strncpy
 .libc.strtox     0x000fb2         0x52 c:/program files/microchip/xc16/v2.10/bin/bin/../../lib\libc99-elf.a(strtol.XX_o)
 .libc.strtoull
                  0x001004          0x8 c:/program files/microchip/xc16/v2.10/bin/bin/../../lib\libc99-elf.a(strtol.XX_o)
                  0x001004                  ___strtoull_internal
                  0x001004                  _strtoull
 .libc.strtoll    0x00100c          0x8 c:/program files/microchip/xc16/v2.10/bin/bin/../../lib\libc99-elf.a(strtol.XX_o)
                  0x00100c                  _strtoll
                  0x00100c                  ___strtoll_internal
 .libc.strtoul    0x001014          0x8 c:/program files/microchip/xc16/v2.10/bin/bin/../../lib\libc99-elf.a(strtol.XX_o)
                  0x001014                  _strtoul
                  0x001014                  ___strtoul_internal
 .libc.strtol     0x00101c          0x8 c:/program files/microchip/xc16/v2.10/bin/bin/../../lib\libc99-elf.a(strtol.XX_o)
                  0x00101c                  _strtol
                  0x00101c                  ___strtol_internal
 .libc.strtoimax
                  0x001024          0x2 c:/program files/microchip/xc16/v2.10/bin/bin/../../lib\libc99-elf.a(strtol.XX_o)
                  0x001024                  ___strtoimax_internal
                  0x001024                  _strtoimax
 .libc.strtoumax
                  0x001026          0x2 c:/program files/microchip/xc16/v2.10/bin/bin/../../lib\libc99-elf.a(strtol.XX_o)
                  0x001026                  _strtoumax
                  0x001026                  ___strtoumax_internal
 .libc.__fmt_d    0x001028         0xb2 c:/program files/microchip/xc16/v2.10/bin/bin/../../lib\libc99-elf.a(__fmt_d.XX_o)
                  0x001028                  ___fmt_d
                  0x001028                  ___fmt_d_needed
 .libc.__fmt_o    0x0010da         0x6a c:/program files/microchip/xc16/v2.10/bin/bin/../../lib\libc99-elf.a(__fmt_o.XX_o)
                  0x0010da                  ___fmt_o
                  0x0010da                  ___fmt_o_needed
 .libc.__fmt_s    0x001144         0x54 c:/program files/microchip/xc16/v2.10/bin/bin/../../lib\libc99-elf.a(__fmt_s.XX_o)
                  0x001144                  ___fmt_0_needed
                  0x001144                  ___fmt_s_needed
                  0x001144                  ___fmt_s
 .libc.__cvt_u    0x001198         0xa6 c:/program files/microchip/xc16/v2.10/bin/bin/../../lib\libc99-elf.a(__fmt_u.XX_o)
                  0x001198                  ___cvt_u
 .libc.__fmt_u    0x00123e         0x52 c:/program files/microchip/xc16/v2.10/bin/bin/../../lib\libc99-elf.a(__fmt_u.XX_o)
                  0x00123e                  ___fmt_u
                  0x00123e                  ___fmt_u_needed
 .libc.__fmt_x    0x001290        0x14a c:/program files/microchip/xc16/v2.10/bin/bin/../../lib\libc99-elf.a(__fmt_x.XX_o)
                  0x001290                  ___fmt_x_needed
                  0x001290                  ___fmt_x
 .libc.__vsprintf
                  0x0013da          0x8 c:/program files/microchip/xc16/v2.10/bin/bin/../../lib\libc99-elf.a(__int_vsprintf.XX_o)
                  0x0013da                  ___vsprintf
 .libc.__pop_int
                  0x0013e2         0xa8 c:/program files/microchip/xc16/v2.10/bin/bin/../../lib\libc99-elf.a(__pop_int.XX_o)
                  0x0013e2                  ___pop_int
                  0x0013e2                  ___pop_int_needed
 .libc.__pop_ptr
                  0x00148a         0x70 c:/program files/microchip/xc16/v2.10/bin/bin/../../lib\libc99-elf.a(__pop_ptr.XX_o)
                  0x00148a                  ___pop_ptr_needed
                  0x00148a                  ___pop_ptr
 .libc.__string_out
                  0x0014fa         0x26 c:/program files/microchip/xc16/v2.10/bin/bin/../../lib\libc99-elf.a(__printf_core.XX_o)
                  0x0014fa                  ___out
 .libc.__pad      0x001520         0x74 c:/program files/microchip/xc16/v2.10/bin/bin/../../lib\libc99-elf.a(__printf_core.XX_o)
                  0x001520                  ___pad
 .libc.__dummy_fmt3
                  0x001594          0x2 c:/program files/microchip/xc16/v2.10/bin/bin/../../lib\libc99-elf.a(__printf_core.XX_o)
 .libc.__dummy_fmt4
                  0x001596          0x2 c:/program files/microchip/xc16/v2.10/bin/bin/../../lib\libc99-elf.a(__printf_core.XX_o)
 .libc.__dummy_fmts
                  0x001598          0x2 c:/program files/microchip/xc16/v2.10/bin/bin/../../lib\libc99-elf.a(__printf_core.XX_o)
 .libc.__fmt_state
                  0x00159a         0x2c c:/program files/microchip/xc16/v2.10/bin/bin/../../lib\libc99-elf.a(__printf_core.XX_o)
                  0x00159a                  ___fmt_state
 .libc.vfpfcnvrt.clone.0
                  0x0015c6        0x2d8 c:/program files/microchip/xc16/v2.10/bin/bin/../../lib\libc99-elf.a(__printf_core.XX_o)
 .libc.__printf_core
                  0x00189e         0x40 c:/program files/microchip/xc16/v2.10/bin/bin/../../lib\libc99-elf.a(__printf_core.XX_o)
                  0x00189e                  ___printf_core
 .libc.__secs_to_tm
                  0x0018de        0x2ba c:/program files/microchip/xc16/v2.10/bin/bin/../../lib\libc99-elf.a(__secs_to_tm.XX_o)
                  0x0018de                  ___secs_to_tm
 .libc.__tm_to_secs
                  0x001b98        0x108 c:/program files/microchip/xc16/v2.10/bin/bin/../../lib\libc99-elf.a(__tm_to_secs.XX_o)
                  0x001b98                  ___tm_to_secs
 .libc.getint     0x001ca0         0x18 c:/program files/microchip/xc16/v2.10/bin/bin/../../lib\libc99-elf.a(__tz.XX_o)
 .libc.getoff     0x001cb8         0x5c c:/program files/microchip/xc16/v2.10/bin/bin/../../lib\libc99-elf.a(__tz.XX_o)
 .libc.getrule    0x001d14         0x54 c:/program files/microchip/xc16/v2.10/bin/bin/../../lib\libc99-elf.a(__tz.XX_o)
 .libc.getname    0x001d68         0x4c c:/program files/microchip/xc16/v2.10/bin/bin/../../lib\libc99-elf.a(__tz.XX_o)
 .libc.days_in_month
                  0x001db4         0x14 c:/program files/microchip/xc16/v2.10/bin/bin/../../lib\libc99-elf.a(__tz.XX_o)
 .libc.do_tzset
                  0x001dc8         0xbc c:/program files/microchip/xc16/v2.10/bin/bin/../../lib\libc99-elf.a(__tz.XX_o)
 .libc.rule_to_secs
                  0x001e84         0xbc c:/program files/microchip/xc16/v2.10/bin/bin/../../lib\libc99-elf.a(__tz.XX_o)
 .libc.__secs_to_zone
                  0x001f40        0x176 c:/program files/microchip/xc16/v2.10/bin/bin/../../lib\libc99-elf.a(__tz.XX_o)
                  0x001f40                  ___secs_to_zone
 .libc.__tzset    0x0020b6          0x2 c:/program files/microchip/xc16/v2.10/bin/bin/../../lib\libc99-elf.a(__tz.XX_o)
                  0x0020b6                  _tzset
                  0x0020b6                  ___tzset
 .libc.__tm_to_tzname
                  0x0020b8          0xc c:/program files/microchip/xc16/v2.10/bin/bin/../../lib\libc99-elf.a(__tz.XX_o)
                  0x0020b8                  ___tm_to_tzname
 .libc.__year_to_secs
                  0x0020c4        0x112 c:/program files/microchip/xc16/v2.10/bin/bin/../../lib\libc99-elf.a(__year_to_secs.XX_o)
                  0x0020c4                  ___year_to_secs
 .libc.abs        0x0021d6          0x6 c:/program files/microchip/xc16/v2.10/bin/bin/../../lib\libc99-elf.a(abs.XX_o)
                  0x0021d6                  _abs
 .libc.__gmtime_r
                  0x0021dc         0x30 c:/program files/microchip/xc16/v2.10/bin/bin/../../lib\libc99-elf.a(gmtime_r.XX_o)
                  0x0021dc                  ___gmtime_r
                  0x0021dc                  _gmtime_r
 .libc.__isspace
                  0x00220c         0x14 c:/program files/microchip/xc16/v2.10/bin/bin/../../lib\libc99-elf.a(intscan.XX_o)
 .libc.__intscan
                  0x002220        0x432 c:/program files/microchip/xc16/v2.10/bin/bin/../../lib\libc99-elf.a(intscan.XX_o)
                  0x002220                  ___intscan
 .libc.__nl_langinfo_l
                  0x002652         0x60 c:/program files/microchip/xc16/v2.10/bin/bin/../../lib\libc99-elf.a(langinfo.XX_o)
                  0x002652                  _nl_langinfo_l
                  0x002652                  ___nl_langinfo_l
 .libc.__nl_langinfo
                  0x0026b2          0x4 c:/program files/microchip/xc16/v2.10/bin/bin/../../lib\libc99-elf.a(langinfo.XX_o)
                  0x0026b2                  _nl_langinfo
                  0x0026b2                  ___nl_langinfo
 .libc.__simple_malloc
                  0x0026b6         0x86 c:/program files/microchip/xc16/v2.10/bin/bin/../../lib\libc99-elf.a(lite_malloc.XX_o)
                  0x0026b6                  ___malloc0
                  0x0026b6                  _malloc
                  0x0026b6                  ___simple_malloc
 .libc.__shlim    0x00273c         0x4a c:/program files/microchip/xc16/v2.10/bin/bin/../../lib\libc99-elf.a(shgetc.XX_o)
                  0x00273c                  ___shlim
 .libc.__shgetc
                  0x002786        0x130 c:/program files/microchip/xc16/v2.10/bin/bin/../../lib\libc99-elf.a(shgetc.XX_o)
                  0x002786                  ___shgetc
 .libc.snprintf
                  0x0028b6          0xc c:/program files/microchip/xc16/v2.10/bin/bin/../../lib\libc99-elf.a(snprintf.XX_o)
                  0x0028b6                  _snprintf
 .libc.__stpncpy
                  0x0028c2         0x6a c:/program files/microchip/xc16/v2.10/bin/bin/../../lib\libc99-elf.a(stpncpy.XX_o)
                  0x0028c2                  _stpncpy
                  0x0028c2                  ___stpncpy
 .libc.tolower    0x00292c          0xc c:/program files/microchip/xc16/v2.10/bin/bin/../../lib\libc99-elf.a(tolower.XX_o)
                  0x00292c                  _tolower
 .libc.__tolower_l
                  0x002938          0x2 c:/program files/microchip/xc16/v2.10/bin/bin/../../lib\libc99-elf.a(tolower.XX_o)
                  0x002938                  ___tolower_l
                  0x002938                  _tolower_l
 .libc.toupper    0x00293a          0xc c:/program files/microchip/xc16/v2.10/bin/bin/../../lib\libc99-elf.a(toupper.XX_o)
                  0x00293a                  _toupper
 .libc.__toupper_l
                  0x002946          0x2 c:/program files/microchip/xc16/v2.10/bin/bin/../../lib\libc99-elf.a(toupper.XX_o)
                  0x002946                  ___toupper_l
                  0x002946                  _toupper_l
 .libc.vsnprintf
                  0x002948         0x50 c:/program files/microchip/xc16/v2.10/bin/bin/../../lib\libc99-elf.a(vsnprintf.XX_o)
                  0x002948                  _vsnprintf
 .libc.__vsnprintf
                  0x002998         0x4a c:/program files/microchip/xc16/v2.10/bin/bin/../../lib\libc99-elf.a(__int_vsnprintf.XX_o)
                  0x002998                  ___vsnprintf
 .libc.__month_to_secs
                  0x0029e2         0x1c c:/program files/microchip/xc16/v2.10/bin/bin/../../lib\libc99-elf.a(__month_to_secs.XX_o)
                  0x0029e2                  ___month_to_secs
 .libc.__pop_float
                  0x0029fe         0x3e c:/program files/microchip/xc16/v2.10/bin/bin/../../lib\libc99-elf.a(__pop_float.XX_o)
                  0x0029fe                  ___pop_float
                  0x0029fe                  ___pop_float_needed
 .libc.__uflow    0x002a3c         0x2a c:/program files/microchip/xc16/v2.10/bin/bin/../../lib\libc99-elf.a(__uflow.XX_o)
                  0x002a3c                  ___uflow
 .libc.__expand_heap
                  0x002a66         0x14 c:/program files/microchip/xc16/v2.10/bin/bin/../../lib\libc99-elf.a(expand_heap.XX_o)
                  0x002a66                  ___expand_heap
 .libc.vfprintf
                  0x002a7a         0x1c c:/program files/microchip/xc16/v2.10/bin/bin/../../lib\libc99-elf.a(vfprintf.XX_o)
                  0x002a7a                  _vfprintf
 .libc.__vfprintf
                  0x002a96         0x1c c:/program files/microchip/xc16/v2.10/bin/bin/../../lib\libc99-elf.a(__int_vfprintf.XX_o)
                  0x002a96                  ___vfprintf
 .libc.__toread
                  0x002ab2         0x48 c:/program files/microchip/xc16/v2.10/bin/bin/../../lib\libc99-elf.a(__toread.XX_o)
                  0x002ab2                  ___toread
 .libc.__toread_needs_stdio_exit
                  0x002afa          0x2 c:/program files/microchip/xc16/v2.10/bin/bin/../../lib\libc99-elf.a(__toread.XX_o)
                  0x002afa                  ___toread_needs_stdio_exit
 .libc.__LONG_DOUBLE_BITS
                  0x002afc          0x2 c:/program files/microchip/xc16/v2.10/bin/bin/../../lib\libc99-elf.a(__fmt_a.XX_o)
 .libc.__fmt_a    0x002afe        0x544 c:/program files/microchip/xc16/v2.10/bin/bin/../../lib\libc99-elf.a(__fmt_a.XX_o)
                  0x002afe                  ___fmt_a_needed
                  0x002afe                  ___fmt_a
 .libc.__LONG_DOUBLE_BITS
                  0x003042          0x2 c:/program files/microchip/xc16/v2.10/bin/bin/../../lib\libc99-elf.a(__fmt_fp.XX_o)
 .libc.__fmt_fp
                  0x003044        0x5b6 c:/program files/microchip/xc16/v2.10/bin/bin/../../lib\libc99-elf.a(__fmt_fp.XX_o)
                  0x003044                  ___fmt_f_needed
                  0x003044                  ___fmt_fp
 .libc.__dummy    0x0035fa          0x2 c:/program files/microchip/xc16/v2.10/bin/bin/../../lib\libc99-elf.a(__stdio_exit.XX_o)
                  0x0035fa                  ___stdio_exit_ofl
 .libc.__dummy1
                  0x0035fc          0x2 c:/program files/microchip/xc16/v2.10/bin/bin/../../lib\libc99-elf.a(__stdio_exit.XX_o)
                  0x0035fc                  ___fclose
 .libc.__stdio_exit
                  0x0035fe         0x14 c:/program files/microchip/xc16/v2.10/bin/bin/../../lib\libc99-elf.a(__stdio_exit.XX_o)
                  0x0035fe                  ___stdio_exit_needed
                  0x0035fe                  ___stdio_exit
 .libc.strcpy     0x003612          0xe c:/program files/microchip/xc16/v2.10/bin/bin/../../lib\libc99-elf.a(strcpy.XX_o)
                  0x003612                  _strcpy
 .libc.__stpcpy
                  0x003620         0x40 c:/program files/microchip/xc16/v2.10/bin/bin/../../lib\libc99-elf.a(stpcpy.XX_o)
                  0x003620                  ___stpcpy
                  0x003620                  _stpcpy
 .libm.eqdf2      0x003660          0xa c:/program files/microchip/xc16/v2.10/bin/bin/../../lib\libc99-pic30-elf.a(deqltle.XX_o)
                  0x003660                  ___eqdf2
                  0x003660                  ___ltdf2
                  0x003660                  ___ledf2
 .libm.gtdf2      0x00366a          0xa c:/program files/microchip/xc16/v2.10/bin/bin/../../lib\libc99-pic30-elf.a(dgtge.XX_o)
                  0x00366a                  ___gtdf2
                  0x00366a                  ___gedf2
 .libm.divsi3     0x003674         0x1e c:/program files/microchip/xc16/v2.10/bin/bin/../../lib\libc99-pic30-elf.a(divsi3.XX_o)
                  0x003674                  ___divsi3
 .libm.extendsfdf2
                  0x003692         0x3e c:/program files/microchip/xc16/v2.10/bin/bin/../../lib\libc99-pic30-elf.a(extendsfdf.XX_o)
                  0x003692                  ___extendsfdf2
 .libm.fixdfsi    0x0036d0         0x58 c:/program files/microchip/xc16/v2.10/bin/bin/../../lib\libc99-pic30-elf.a(fixdfsi.XX_o)
                  0x0036d0                  _(float, int, long long, double, float, short, int)
 .libm.funpack    0x003728         0x2a c:/program files/microchip/xc16/v2.10/bin/bin/../../lib\libc99-pic30-elf.a(funpack.XX_o)
                  0x003728                  __funpack
 .libm.modsi3     0x003752         0x1e c:/program files/microchip/xc16/v2.10/bin/bin/../../lib\libc99-pic30-elf.a(modsi3.XX_o)
                  0x003752                  ___modsi3
 .libm.umodsi3    0x003770          0x6 c:/program files/microchip/xc16/v2.10/bin/bin/../../lib\libc99-pic30-elf.a(umodsi3.XX_o)
                  0x003770                  ___umodsi3
 .libm.mulsi3     0x003776          0xc c:/program files/microchip/xc16/v2.10/bin/bin/../../lib\libc99-pic30-elf.a(mulsi3.XX_o)
                  0x003776                  ___mulp32peds3
                  0x003776                  ___mulsi3
                  0x003776                  ___mulp32eds3
 .lib_dpfops      0x003782         0xa2 c:/program files/microchip/xc16/v2.10/bin/bin/../../lib\libc99-pic30-elf.a(dpadd.XX_o)
                  0x003782                  ___subdf3
                  0x00378e                  ___adddf3
 .lib_dpfops      0x003824        0x15e c:/program files/microchip/xc16/v2.10/bin/bin/../../lib\libc99-pic30-elf.a(dpdiv.XX_o)
                  0x003824                  ___divdf3
 .lib_dpfops      0x003982        0x11a c:/program files/microchip/xc16/v2.10/bin/bin/../../lib\libc99-pic30-elf.a(dpmul.XX_o)
                  0x003982                  ___muldf3
 .lib_dpfops      0x003a9c        0x128 c:/program files/microchip/xc16/v2.10/bin/bin/../../lib\libc99-pic30-elf.a(dpsubs.XX_o)
                  0x003ab6                  __dxchg
                  0x003ac4                  __drshft
                  0x003b1e                  __dupchk
                  0x003b80                  __drndex
                  0x003b8a                  __dnsrnd
                  0x003bb6                  __dpakex
 .libm.dcompare
                  0x003bc4         0x52 c:/program files/microchip/xc16/v2.10/bin/bin/../../lib\libc99-pic30-elf.a(dcompare.XX_o)
                  0x003bc4                  __dcompare
 .libm.dtype      0x003c16         0x24 c:/program files/microchip/xc16/v2.10/bin/bin/../../lib\libc99-pic30-elf.a(dtype.XX_o)
                  0x003c16                  __dtype
 .libm.dunpack    0x003c3a         0x4e c:/program files/microchip/xc16/v2.10/bin/bin/../../lib\libc99-pic30-elf.a(dunpack.XX_o)
                  0x003c3a                  __dunpack
 .libm.dunpack2
                  0x003c88         0x32 c:/program files/microchip/xc16/v2.10/bin/bin/../../lib\libc99-pic30-elf.a(dunpack2.XX_o)
                  0x003c88                  __dunpack2
                  0x003caa                  __dreturnNaN
                  0x003cb0                  __dunpack2exit
 .libm.dPropagateNaN
                  0x003cba         0x1c c:/program files/microchip/xc16/v2.10/bin/bin/../../lib\libc99-pic30-elf.a(dpropagateNaN.XX_o)
                  0x003cba                  __dPropagateNaN
 .libc.floorl     0x003cd6         0xf8 c:/program files/microchip/xc16/v2.10/bin/bin/../../lib\libm-elf.a(floorl.XX_o)
                  0x003cd6                  _floorl

usercode
 *(usercode)

__CONFIG3
 *(__CONFIG3.sec*)

__CONFIG2
 *(__CONFIG2.sec*)

__CONFIG1
 *(__CONFIG1.sec*)

.comment
 *(.comment)

.debug_info       0x000000      0x1f27a
 *(.debug_info)
 .debug_info      0x000000        0xb7b build/default/debug/_ext/1563683617/Announce.o
 .debug_info      0x000b7b        0xbab build/default/debug/_ext/1563683617/ARP.o
 .debug_info      0x001726        0x182 build/default/debug/_ext/1563683617/AutoIP.o
 .debug_info      0x0018a8        0x187 build/default/debug/_ext/1563683617/BerkeleyAPI.o
 .debug_info      0x001a2f        0x216 build/default/debug/_ext/1563683617/Delay.o
 .debug_info      0x001c45       0x116a build/default/debug/_ext/1563683617/DHCP.o
 .debug_info      0x002daf        0x181 build/default/debug/_ext/1563683617/DHCPs.o
 .debug_info      0x002f30        0xdcd build/default/debug/_ext/1563683617/DNS.o
 .debug_info      0x003cfd        0x182 build/default/debug/_ext/1563683617/DynDNS.o
 .debug_info      0x003e7f        0x17f build/default/debug/_ext/1563683617/FTP.o
 .debug_info      0x003ffe        0x182 build/default/debug/_ext/1563683617/Hashes.o
 .debug_info      0x004180       0x1081 build/default/debug/_ext/1563683617/Helpers.o
 .debug_info      0x005201       0x134e build/default/debug/_ext/1563683617/HTTP2.o
 .debug_info      0x00654f        0x776 build/default/debug/_ext/1563683617/ICMP.o
 .debug_info      0x006cc5        0xb5e build/default/debug/_ext/1563683617/IP.o
 .debug_info      0x007823        0xe77 build/default/debug/_ext/1563683617/MPFS2.o
 .debug_info      0x00869a        0xcb2 build/default/debug/_ext/1563683617/NBNS.o
 .debug_info      0x00934c        0x182 build/default/debug/_ext/1563683617/Random.o
 .debug_info      0x0094ce        0xad8 build/default/debug/_ext/1563683617/Reboot.o
 .debug_info      0x009fa6        0x180 build/default/debug/_ext/1563683617/SMTP.o
 .debug_info      0x00a126        0x180 build/default/debug/_ext/1563683617/SNMP.o
 .debug_info      0x00a2a6        0x560 build/default/debug/_ext/1563683617/SNTP.o
 .debug_info      0x00a806        0x185 build/default/debug/_ext/1563683617/SPIEEPROM.o
 .debug_info      0x00a98b        0x184 build/default/debug/_ext/1563683617/SPIFlash.o
 .debug_info      0x00ab0f        0x182 build/default/debug/_ext/1563683617/SPIRAM.o
 .debug_info      0x00ac91        0x17f build/default/debug/_ext/1563683617/SSL.o
 .debug_info      0x00ae10        0xa6d build/default/debug/_ext/1563683617/StackTsk.o
 .debug_info      0x00b87d       0x2226 build/default/debug/_ext/1563683617/TCP.o
 .debug_info      0x00daa3        0x18e build/default/debug/_ext/1563683617/TCPPerformanceTest.o
 .debug_info      0x00dc31        0x182 build/default/debug/_ext/1563683617/Telnet.o
 .debug_info      0x00ddb3        0x181 build/default/debug/_ext/1563683617/TFTPc.o
 .debug_info      0x00df34        0xac8 build/default/debug/_ext/1563683617/Tick.o
 .debug_info      0x00e9fc        0x6eb build/default/debug/_ext/1563683617/UART.o
 .debug_info      0x00f0e7       0x122c build/default/debug/_ext/1563683617/UDP.o
 .debug_info      0x010313        0x18e build/default/debug/_ext/1563683617/UDPPerformanceTest.o
 .debug_info      0x0104a1       0x2323 build/default/debug/_ext/1563683617/ENCX24J600.o
 .debug_info      0x0127c4        0x184 build/default/debug/_ext/1563683617/ENC28J60.o
 .debug_info      0x012948        0x8a7 build/default/debug/_ext/1563683617/UART1TCPBridge.o
 .debug_info      0x0131ef       0x1636 build/default/debug/_ext/1472/CustomHTTPApp.o
 .debug_info      0x014825         0xb2 build/default/debug/_ext/164278092/PW_indus.o
 .debug_info      0x0148d7        0x18c build/default/debug/_ext/1472/Main.o
 .debug_info      0x014a63        0x1b8 build/default/debug/_ext/1472/board_init.o
 .debug_info      0x014c1b        0x312 build/default/debug/_ext/1472/app_init.o
 .debug_info      0x014f2d        0x213 build/default/debug/_ext/1472/net_tasks.o
 .debug_info      0x015140        0x49a build/default/debug/_ext/1472/time_sync.o
 .debug_info      0x0155da        0x9b3 build/default/debug/_ext/1472/uart_utils.o
 .debug_info      0x015f8d        0x3c4 build/default/debug/_ext/1472/interrupts.o
 .debug_info      0x016351        0xf4f build/default/debug/_ext/1472/03_variables.o
 .debug_info      0x0172a0        0x230 build/default/debug/_ext/1472/02_Constantes.o
 .debug_info      0x0174d0       0x6012 build/default/debug/_ext/1472/04_Fonctions.o
 .debug_info      0x01d4e2        0x945 build/default/debug/_ext/1472/EEPROM.o
 .debug_info      0x01de27        0x8da build/default/debug/_ext/1472/nv_mem.o
 .debug_info      0x01e701         0x8d c:/program files/microchip/xc16/v2.10/bin/bin/../../lib\libc99-pic30-elf.a(udivsi3.XX_o)
 .debug_info      0x01e78e         0x8d c:/program files/microchip/xc16/v2.10/bin/bin/../../lib\libc99-pic30-elf.a(umuldi3.XX_o)
 .debug_info      0x01e81b         0x8d c:/program files/microchip/xc16/v2.10/bin/bin/../../lib\libc99-pic30-elf.a(deqltle.XX_o)
 .debug_info      0x01e8a8         0x8b c:/program files/microchip/xc16/v2.10/bin/bin/../../lib\libc99-pic30-elf.a(dgtge.XX_o)
 .debug_info      0x01e933         0x8c c:/program files/microchip/xc16/v2.10/bin/bin/../../lib\libc99-pic30-elf.a(divsi3.XX_o)
 .debug_info      0x01e9bf         0x90 c:/program files/microchip/xc16/v2.10/bin/bin/../../lib\libc99-pic30-elf.a(extendsfdf.XX_o)
 .debug_info      0x01ea4f         0x8d c:/program files/microchip/xc16/v2.10/bin/bin/../../lib\libc99-pic30-elf.a(fixdfsi.XX_o)
 .debug_info      0x01eadc         0x8d c:/program files/microchip/xc16/v2.10/bin/bin/../../lib\libc99-pic30-elf.a(funpack.XX_o)
 .debug_info      0x01eb69         0x8c c:/program files/microchip/xc16/v2.10/bin/bin/../../lib\libc99-pic30-elf.a(modsi3.XX_o)
 .debug_info      0x01ebf5         0x8d c:/program files/microchip/xc16/v2.10/bin/bin/../../lib\libc99-pic30-elf.a(umodsi3.XX_o)
 .debug_info      0x01ec82         0x8c c:/program files/microchip/xc16/v2.10/bin/bin/../../lib\libc99-pic30-elf.a(mulsi3.XX_o)
 .debug_info      0x01ed0e         0xa9 c:/program files/microchip/xc16/v2.10/bin/bin/../../lib\libc99-pic30-elf.a(dpadd.XX_o)
 .debug_info      0x01edb7         0xa9 c:/program files/microchip/xc16/v2.10/bin/bin/../../lib\libc99-pic30-elf.a(dpdiv.XX_o)
 .debug_info      0x01ee60         0xa9 c:/program files/microchip/xc16/v2.10/bin/bin/../../lib\libc99-pic30-elf.a(dpmul.XX_o)
 .debug_info      0x01ef09         0xaa c:/program files/microchip/xc16/v2.10/bin/bin/../../lib\libc99-pic30-elf.a(dpsubs.XX_o)
 .debug_info      0x01efb3         0x8e c:/program files/microchip/xc16/v2.10/bin/bin/../../lib\libc99-pic30-elf.a(dcompare.XX_o)
 .debug_info      0x01f041         0x8b c:/program files/microchip/xc16/v2.10/bin/bin/../../lib\libc99-pic30-elf.a(dtype.XX_o)
 .debug_info      0x01f0cc         0x8d c:/program files/microchip/xc16/v2.10/bin/bin/../../lib\libc99-pic30-elf.a(dunpack.XX_o)
 .debug_info      0x01f159         0x8e c:/program files/microchip/xc16/v2.10/bin/bin/../../lib\libc99-pic30-elf.a(dunpack2.XX_o)
 .debug_info      0x01f1e7         0x93 c:/program files/microchip/xc16/v2.10/bin/bin/../../lib\libc99-pic30-elf.a(dpropagateNaN.XX_o)
 *(.gnu.linkonce.wi.*)

.debug_abbrev     0x000000       0x2fdc
 *(.debug_abbrev)
 .debug_abbrev    0x000000        0x159 build/default/debug/_ext/1563683617/Announce.o
 .debug_abbrev    0x000159        0x1cb build/default/debug/_ext/1563683617/ARP.o
 .debug_abbrev    0x000324         0x1f build/default/debug/_ext/1563683617/AutoIP.o
 .debug_abbrev    0x000343         0x1f build/default/debug/_ext/1563683617/BerkeleyAPI.o
 .debug_abbrev    0x000362         0x68 build/default/debug/_ext/1563683617/Delay.o
 .debug_abbrev    0x0003ca        0x217 build/default/debug/_ext/1563683617/DHCP.o
 .debug_abbrev    0x0005e1         0x1f build/default/debug/_ext/1563683617/DHCPs.o
 .debug_abbrev    0x000600        0x1db build/default/debug/_ext/1563683617/DNS.o
 .debug_abbrev    0x0007db         0x1f build/default/debug/_ext/1563683617/DynDNS.o
 .debug_abbrev    0x0007fa         0x1f build/default/debug/_ext/1563683617/FTP.o
 .debug_abbrev    0x000819         0x1f build/default/debug/_ext/1563683617/Hashes.o
 .debug_abbrev    0x000838        0x1aa build/default/debug/_ext/1563683617/Helpers.o
 .debug_abbrev    0x0009e2        0x23b build/default/debug/_ext/1563683617/HTTP2.o
 .debug_abbrev    0x000c1d         0xf0 build/default/debug/_ext/1563683617/ICMP.o
 .debug_abbrev    0x000d0d        0x198 build/default/debug/_ext/1563683617/IP.o
 .debug_abbrev    0x000ea5        0x1eb build/default/debug/_ext/1563683617/MPFS2.o
 .debug_abbrev    0x001090        0x1aa build/default/debug/_ext/1563683617/NBNS.o
 .debug_abbrev    0x00123a         0x1f build/default/debug/_ext/1563683617/Random.o
 .debug_abbrev    0x001259        0x144 build/default/debug/_ext/1563683617/Reboot.o
 .debug_abbrev    0x00139d         0x1f build/default/debug/_ext/1563683617/SMTP.o
 .debug_abbrev    0x0013bc         0x1f build/default/debug/_ext/1563683617/SNMP.o
 .debug_abbrev    0x0013db        0x100 build/default/debug/_ext/1563683617/SNTP.o
 .debug_abbrev    0x0014db         0x1f build/default/debug/_ext/1563683617/SPIEEPROM.o
 .debug_abbrev    0x0014fa         0x1f build/default/debug/_ext/1563683617/SPIFlash.o
 .debug_abbrev    0x001519         0x1f build/default/debug/_ext/1563683617/SPIRAM.o
 .debug_abbrev    0x001538         0x1f build/default/debug/_ext/1563683617/SSL.o
 .debug_abbrev    0x001557        0x170 build/default/debug/_ext/1563683617/StackTsk.o
 .debug_abbrev    0x0016c7        0x246 build/default/debug/_ext/1563683617/TCP.o
 .debug_abbrev    0x00190d         0x1f build/default/debug/_ext/1563683617/TCPPerformanceTest.o
 .debug_abbrev    0x00192c         0x1f build/default/debug/_ext/1563683617/Telnet.o
 .debug_abbrev    0x00194b         0x1f build/default/debug/_ext/1563683617/TFTPc.o
 .debug_abbrev    0x00196a        0x16c build/default/debug/_ext/1563683617/Tick.o
 .debug_abbrev    0x001ad6        0x144 build/default/debug/_ext/1563683617/UART.o
 .debug_abbrev    0x001c1a        0x258 build/default/debug/_ext/1563683617/UDP.o
 .debug_abbrev    0x001e72         0x1f build/default/debug/_ext/1563683617/UDPPerformanceTest.o
 .debug_abbrev    0x001e91        0x273 build/default/debug/_ext/1563683617/ENCX24J600.o
 .debug_abbrev    0x002104         0x1f build/default/debug/_ext/1563683617/ENC28J60.o
 .debug_abbrev    0x002123        0x144 build/default/debug/_ext/1563683617/UART1TCPBridge.o
 .debug_abbrev    0x002267        0x23e build/default/debug/_ext/1472/CustomHTTPApp.o
 .debug_abbrev    0x0024a5         0x10 build/default/debug/_ext/164278092/PW_indus.o
 .debug_abbrev    0x0024b5         0x36 build/default/debug/_ext/1472/Main.o
 .debug_abbrev    0x0024eb         0x34 build/default/debug/_ext/1472/board_init.o
 .debug_abbrev    0x00251f         0xb4 build/default/debug/_ext/1472/app_init.o
 .debug_abbrev    0x0025d3         0x45 build/default/debug/_ext/1472/net_tasks.o
 .debug_abbrev    0x002618         0xb4 build/default/debug/_ext/1472/time_sync.o
 .debug_abbrev    0x0026cc        0x142 build/default/debug/_ext/1472/uart_utils.o
 .debug_abbrev    0x00280e         0x9b build/default/debug/_ext/1472/interrupts.o
 .debug_abbrev    0x0028a9         0x69 build/default/debug/_ext/1472/03_variables.o
 .debug_abbrev    0x002912         0x49 build/default/debug/_ext/1472/02_Constantes.o
 .debug_abbrev    0x00295b        0x22a build/default/debug/_ext/1472/04_Fonctions.o
 .debug_abbrev    0x002b85        0x18c build/default/debug/_ext/1472/EEPROM.o
 .debug_abbrev    0x002d11        0x13b build/default/debug/_ext/1472/nv_mem.o
 .debug_abbrev    0x002e4c         0x14 c:/program files/microchip/xc16/v2.10/bin/bin/../../lib\libc99-pic30-elf.a(udivsi3.XX_o)
 .debug_abbrev    0x002e60         0x14 c:/program files/microchip/xc16/v2.10/bin/bin/../../lib\libc99-pic30-elf.a(umuldi3.XX_o)
 .debug_abbrev    0x002e74         0x14 c:/program files/microchip/xc16/v2.10/bin/bin/../../lib\libc99-pic30-elf.a(deqltle.XX_o)
 .debug_abbrev    0x002e88         0x14 c:/program files/microchip/xc16/v2.10/bin/bin/../../lib\libc99-pic30-elf.a(dgtge.XX_o)
 .debug_abbrev    0x002e9c         0x14 c:/program files/microchip/xc16/v2.10/bin/bin/../../lib\libc99-pic30-elf.a(divsi3.XX_o)
 .debug_abbrev    0x002eb0         0x14 c:/program files/microchip/xc16/v2.10/bin/bin/../../lib\libc99-pic30-elf.a(extendsfdf.XX_o)
 .debug_abbrev    0x002ec4         0x14 c:/program files/microchip/xc16/v2.10/bin/bin/../../lib\libc99-pic30-elf.a(fixdfsi.XX_o)
 .debug_abbrev    0x002ed8         0x14 c:/program files/microchip/xc16/v2.10/bin/bin/../../lib\libc99-pic30-elf.a(funpack.XX_o)
 .debug_abbrev    0x002eec         0x14 c:/program files/microchip/xc16/v2.10/bin/bin/../../lib\libc99-pic30-elf.a(modsi3.XX_o)
 .debug_abbrev    0x002f00         0x14 c:/program files/microchip/xc16/v2.10/bin/bin/../../lib\libc99-pic30-elf.a(umodsi3.XX_o)
 .debug_abbrev    0x002f14         0x14 c:/program files/microchip/xc16/v2.10/bin/bin/../../lib\libc99-pic30-elf.a(mulsi3.XX_o)
 .debug_abbrev    0x002f28         0x14 c:/program files/microchip/xc16/v2.10/bin/bin/../../lib\libc99-pic30-elf.a(dpadd.XX_o)
 .debug_abbrev    0x002f3c         0x14 c:/program files/microchip/xc16/v2.10/bin/bin/../../lib\libc99-pic30-elf.a(dpdiv.XX_o)
 .debug_abbrev    0x002f50         0x14 c:/program files/microchip/xc16/v2.10/bin/bin/../../lib\libc99-pic30-elf.a(dpmul.XX_o)
 .debug_abbrev    0x002f64         0x14 c:/program files/microchip/xc16/v2.10/bin/bin/../../lib\libc99-pic30-elf.a(dpsubs.XX_o)
 .debug_abbrev    0x002f78         0x14 c:/program files/microchip/xc16/v2.10/bin/bin/../../lib\libc99-pic30-elf.a(dcompare.XX_o)
 .debug_abbrev    0x002f8c         0x14 c:/program files/microchip/xc16/v2.10/bin/bin/../../lib\libc99-pic30-elf.a(dtype.XX_o)
 .debug_abbrev    0x002fa0         0x14 c:/program files/microchip/xc16/v2.10/bin/bin/../../lib\libc99-pic30-elf.a(dunpack.XX_o)
 .debug_abbrev    0x002fb4         0x14 c:/program files/microchip/xc16/v2.10/bin/bin/../../lib\libc99-pic30-elf.a(dunpack2.XX_o)
 .debug_abbrev    0x002fc8         0x14 c:/program files/microchip/xc16/v2.10/bin/bin/../../lib\libc99-pic30-elf.a(dpropagateNaN.XX_o)

.debug_line       0x000000       0x3b1d
 *(.debug_line)
 .debug_line      0x000000         0xda build/default/debug/_ext/1563683617/Announce.o
 .debug_line      0x0000da         0xfc build/default/debug/_ext/1563683617/ARP.o
 .debug_line      0x0001d6         0x1a build/default/debug/_ext/1563683617/AutoIP.o
 .debug_line      0x0001f0         0x1a build/default/debug/_ext/1563683617/BerkeleyAPI.o
 .debug_line      0x00020a         0x77 build/default/debug/_ext/1563683617/Delay.o
 .debug_line      0x000281        0x25a build/default/debug/_ext/1563683617/DHCP.o
 .debug_line      0x0004db         0x1a build/default/debug/_ext/1563683617/DHCPs.o
 .debug_line      0x0004f5        0x1a5 build/default/debug/_ext/1563683617/DNS.o
 .debug_line      0x00069a         0x1a build/default/debug/_ext/1563683617/DynDNS.o
 .debug_line      0x0006b4         0x1a build/default/debug/_ext/1563683617/FTP.o
 .debug_line      0x0006ce         0x1a build/default/debug/_ext/1563683617/Hashes.o
 .debug_line      0x0006e8        0x269 build/default/debug/_ext/1563683617/Helpers.o
 .debug_line      0x000951        0x3b2 build/default/debug/_ext/1563683617/HTTP2.o
 .debug_line      0x000d03         0x8e build/default/debug/_ext/1563683617/ICMP.o
 .debug_line      0x000d91         0xb6 build/default/debug/_ext/1563683617/IP.o
 .debug_line      0x000e47        0x1e0 build/default/debug/_ext/1563683617/MPFS2.o
 .debug_line      0x001027         0xfe build/default/debug/_ext/1563683617/NBNS.o
 .debug_line      0x001125         0x1a build/default/debug/_ext/1563683617/Random.o
 .debug_line      0x00113f        0x102 build/default/debug/_ext/1563683617/Reboot.o
 .debug_line      0x001241         0x1a build/default/debug/_ext/1563683617/SMTP.o
 .debug_line      0x00125b         0x1a build/default/debug/_ext/1563683617/SNMP.o
 .debug_line      0x001275         0xd3 build/default/debug/_ext/1563683617/SNTP.o
 .debug_line      0x001348         0x1a build/default/debug/_ext/1563683617/SPIEEPROM.o
 .debug_line      0x001362         0x1a build/default/debug/_ext/1563683617/SPIFlash.o
 .debug_line      0x00137c         0x1a build/default/debug/_ext/1563683617/SPIRAM.o
 .debug_line      0x001396         0x1a build/default/debug/_ext/1563683617/SSL.o
 .debug_line      0x0013b0         0xeb build/default/debug/_ext/1563683617/StackTsk.o
 .debug_line      0x00149b        0x6c4 build/default/debug/_ext/1563683617/TCP.o
 .debug_line      0x001b5f         0x1a build/default/debug/_ext/1563683617/TCPPerformanceTest.o
 .debug_line      0x001b79         0x1a build/default/debug/_ext/1563683617/Telnet.o
 .debug_line      0x001b93         0x1a build/default/debug/_ext/1563683617/TFTPc.o
 .debug_line      0x001bad        0x124 build/default/debug/_ext/1563683617/Tick.o
 .debug_line      0x001cd1        0x10b build/default/debug/_ext/1563683617/UART.o
 .debug_line      0x001ddc        0x1db build/default/debug/_ext/1563683617/UDP.o
 .debug_line      0x001fb7         0x1a build/default/debug/_ext/1563683617/UDPPerformanceTest.o
 .debug_line      0x001fd1        0x37c build/default/debug/_ext/1563683617/ENCX24J600.o
 .debug_line      0x00234d         0x1a build/default/debug/_ext/1563683617/ENC28J60.o
 .debug_line      0x002367        0x14c build/default/debug/_ext/1563683617/UART1TCPBridge.o
 .debug_line      0x0024b3        0x2b1 build/default/debug/_ext/1472/CustomHTTPApp.o
 .debug_line      0x002764         0x5f build/default/debug/_ext/164278092/PW_indus.o
 .debug_line      0x0027c3         0x3c build/default/debug/_ext/1472/Main.o
 .debug_line      0x0027ff         0x40 build/default/debug/_ext/1472/board_init.o
 .debug_line      0x00283f         0xb5 build/default/debug/_ext/1472/app_init.o
 .debug_line      0x0028f4         0x60 build/default/debug/_ext/1472/net_tasks.o
 .debug_line      0x002954        0x103 build/default/debug/_ext/1472/time_sync.o
 .debug_line      0x002a57         0xd1 build/default/debug/_ext/1472/uart_utils.o
 .debug_line      0x002b28         0xd0 build/default/debug/_ext/1472/interrupts.o
 .debug_line      0x002bf8         0x44 build/default/debug/_ext/1472/03_variables.o
 .debug_line      0x002c3c         0x30 build/default/debug/_ext/1472/02_Constantes.o
 .debug_line      0x002c6c        0x51c build/default/debug/_ext/1472/04_Fonctions.o
 .debug_line      0x003188         0xf8 build/default/debug/_ext/1472/EEPROM.o
 .debug_line      0x003280         0x8f build/default/debug/_ext/1472/nv_mem.o
 .debug_line      0x00330f         0x45 c:/program files/microchip/xc16/v2.10/bin/bin/../../lib\libc99-pic30-elf.a(udivsi3.XX_o)
 .debug_line      0x003354         0x57 c:/program files/microchip/xc16/v2.10/bin/bin/../../lib\libc99-pic30-elf.a(umuldi3.XX_o)
 .debug_line      0x0033ab         0x3a c:/program files/microchip/xc16/v2.10/bin/bin/../../lib\libc99-pic30-elf.a(deqltle.XX_o)
 .debug_line      0x0033e5         0x38 c:/program files/microchip/xc16/v2.10/bin/bin/../../lib\libc99-pic30-elf.a(dgtge.XX_o)
 .debug_line      0x00341d         0x43 c:/program files/microchip/xc16/v2.10/bin/bin/../../lib\libc99-pic30-elf.a(divsi3.XX_o)
 .debug_line      0x003460         0x59 c:/program files/microchip/xc16/v2.10/bin/bin/../../lib\libc99-pic30-elf.a(extendsfdf.XX_o)
 .debug_line      0x0034b9         0x61 c:/program files/microchip/xc16/v2.10/bin/bin/../../lib\libc99-pic30-elf.a(fixdfsi.XX_o)
 .debug_line      0x00351a         0x4a c:/program files/microchip/xc16/v2.10/bin/bin/../../lib\libc99-pic30-elf.a(funpack.XX_o)
 .debug_line      0x003564         0x43 c:/program files/microchip/xc16/v2.10/bin/bin/../../lib\libc99-pic30-elf.a(modsi3.XX_o)
 .debug_line      0x0035a7         0x38 c:/program files/microchip/xc16/v2.10/bin/bin/../../lib\libc99-pic30-elf.a(umodsi3.XX_o)
 .debug_line      0x0035df         0x3a c:/program files/microchip/xc16/v2.10/bin/bin/../../lib\libc99-pic30-elf.a(mulsi3.XX_o)
 .debug_line      0x003619         0xa2 c:/program files/microchip/xc16/v2.10/bin/bin/../../lib\libc99-pic30-elf.a(dpadd.XX_o)
 .debug_line      0x0036bb        0x100 c:/program files/microchip/xc16/v2.10/bin/bin/../../lib\libc99-pic30-elf.a(dpdiv.XX_o)
 .debug_line      0x0037bb         0xde c:/program files/microchip/xc16/v2.10/bin/bin/../../lib\libc99-pic30-elf.a(dpmul.XX_o)
 .debug_line      0x003899         0xe8 c:/program files/microchip/xc16/v2.10/bin/bin/../../lib\libc99-pic30-elf.a(dpsubs.XX_o)
 .debug_line      0x003981         0x5f c:/program files/microchip/xc16/v2.10/bin/bin/../../lib\libc99-pic30-elf.a(dcompare.XX_o)
 .debug_line      0x0039e0         0x45 c:/program files/microchip/xc16/v2.10/bin/bin/../../lib\libc99-pic30-elf.a(dtype.XX_o)
 .debug_line      0x003a25         0x5c c:/program files/microchip/xc16/v2.10/bin/bin/../../lib\libc99-pic30-elf.a(dunpack.XX_o)
 .debug_line      0x003a81         0x53 c:/program files/microchip/xc16/v2.10/bin/bin/../../lib\libc99-pic30-elf.a(dunpack2.XX_o)
 .debug_line      0x003ad4         0x49 c:/program files/microchip/xc16/v2.10/bin/bin/../../lib\libc99-pic30-elf.a(dpropagateNaN.XX_o)

.debug_frame      0x000000       0x1fe4
 *(.debug_frame)
 .debug_frame     0x000000         0x48 build/default/debug/_ext/1563683617/Announce.o
 .debug_frame     0x000048         0xca build/default/debug/_ext/1563683617/ARP.o
 .debug_frame     0x000112         0x48 build/default/debug/_ext/1563683617/Delay.o
 .debug_frame     0x00015a        0x13c build/default/debug/_ext/1563683617/DHCP.o
 .debug_frame     0x000296         0xb0 build/default/debug/_ext/1563683617/DNS.o
 .debug_frame     0x000346        0x1e0 build/default/debug/_ext/1563683617/Helpers.o
 .debug_frame     0x000526        0x1fe build/default/debug/_ext/1563683617/HTTP2.o
 .debug_frame     0x000724         0x2e build/default/debug/_ext/1563683617/ICMP.o
 .debug_frame     0x000752         0x7c build/default/debug/_ext/1563683617/IP.o
 .debug_frame     0x0007ce        0x23e build/default/debug/_ext/1563683617/MPFS2.o
 .debug_frame     0x000a0c         0x6a build/default/debug/_ext/1563683617/NBNS.o
 .debug_frame     0x000a76         0x36 build/default/debug/_ext/1563683617/Reboot.o
 .debug_frame     0x000aac         0x48 build/default/debug/_ext/1563683617/SNTP.o
 .debug_frame     0x000af4         0x6a build/default/debug/_ext/1563683617/StackTsk.o
 .debug_frame     0x000b5e        0x3a0 build/default/debug/_ext/1563683617/TCP.o
 .debug_frame     0x000efe         0xd4 build/default/debug/_ext/1563683617/Tick.o
 .debug_frame     0x000fd2         0xb0 build/default/debug/_ext/1563683617/UART.o
 .debug_frame     0x001082        0x1f0 build/default/debug/_ext/1563683617/UDP.o
 .debug_frame     0x001272        0x412 build/default/debug/_ext/1563683617/ENCX24J600.o
 .debug_frame     0x001684         0x76 build/default/debug/_ext/1563683617/UART1TCPBridge.o
 .debug_frame     0x0016fa        0x204 build/default/debug/_ext/1472/CustomHTTPApp.o
 .debug_frame     0x0018fe         0x2e build/default/debug/_ext/1472/Main.o
 .debug_frame     0x00192c         0x48 build/default/debug/_ext/1472/board_init.o
 .debug_frame     0x001974         0x2e build/default/debug/_ext/1472/app_init.o
 .debug_frame     0x0019a2         0x62 build/default/debug/_ext/1472/net_tasks.o
 .debug_frame     0x001a04         0x2e build/default/debug/_ext/1472/time_sync.o
 .debug_frame     0x001a32         0x7c build/default/debug/_ext/1472/uart_utils.o
 .debug_frame     0x001aae         0x3e build/default/debug/_ext/1472/interrupts.o
 .debug_frame     0x001aec        0x3de build/default/debug/_ext/1472/04_Fonctions.o
 .debug_frame     0x001eca         0xec build/default/debug/_ext/1472/EEPROM.o
 .debug_frame     0x001fb6         0x2e build/default/debug/_ext/1472/nv_mem.o

.debug_str        0x000000        0xe93
 *(.debug_str)
 .debug_str       0x000000         0x2c build/default/debug/_ext/1563683617/Announce.o
 .debug_str       0x00002c         0x18 build/default/debug/_ext/1563683617/ARP.o
 .debug_str       0x000044         0x48 build/default/debug/_ext/1563683617/DHCP.o
 .debug_str       0x00008c          0xa build/default/debug/_ext/1563683617/DNS.o
 .debug_str       0x000096          0x9 build/default/debug/_ext/1563683617/Helpers.o
 .debug_str       0x00009f         0x2c build/default/debug/_ext/1563683617/HTTP2.o
 .debug_str       0x0000cb         0x13 build/default/debug/_ext/1563683617/IP.o
 .debug_str       0x0000de         0x11 build/default/debug/_ext/1563683617/MPFS2.o
 .debug_str       0x0000ef         0x23 build/default/debug/_ext/1563683617/NBNS.o
 .debug_str       0x000112         0x1e build/default/debug/_ext/1563683617/Reboot.o
 .debug_str       0x000130         0x37 build/default/debug/_ext/1563683617/SNTP.o
 .debug_str       0x000167         0x15 build/default/debug/_ext/1563683617/StackTsk.o
 .debug_str       0x00017c         0xcb build/default/debug/_ext/1563683617/TCP.o
 .debug_str       0x000247         0x25 build/default/debug/_ext/1563683617/Tick.o
 .debug_str       0x00026c         0x15 build/default/debug/_ext/1563683617/UART.o
 .debug_str       0x000281         0x7f build/default/debug/_ext/1563683617/UDP.o
 .debug_str       0x000300         0xc2 build/default/debug/_ext/1563683617/ENCX24J600.o
 .debug_str       0x0003c2         0x1c build/default/debug/_ext/1563683617/UART1TCPBridge.o
 .debug_str       0x0003de        0x173 build/default/debug/_ext/1472/CustomHTTPApp.o
 .debug_str       0x000551          0x9 build/default/debug/_ext/1472/app_init.o
 .debug_str       0x00055a         0x1e build/default/debug/_ext/1472/net_tasks.o
 .debug_str       0x000578         0xd7 build/default/debug/_ext/1472/time_sync.o
 .debug_str       0x00064f         0x57 build/default/debug/_ext/1472/uart_utils.o
 .debug_str       0x0006a6         0x9c build/default/debug/_ext/1472/interrupts.o
 .debug_str       0x000742        0x70d build/default/debug/_ext/1472/04_Fonctions.o
 .debug_str       0x000e4f         0x3a build/default/debug/_ext/1472/EEPROM.o
 .debug_str       0x000e89          0xa build/default/debug/_ext/1472/nv_mem.o

.debug_loc
 *(.debug_loc)

.debug_macinfo
 *(.debug_macinfo)

.debug_pubnames
                  0x000000       0x1c6f
 *(.debug_pubnames)
 .debug_pubnames
                  0x000000         0x33 build/default/debug/_ext/1563683617/Announce.o
 .debug_pubnames
                  0x000033         0x6f build/default/debug/_ext/1563683617/ARP.o
 .debug_pubnames
                  0x0000a2         0x2c build/default/debug/_ext/1563683617/Delay.o
 .debug_pubnames
                  0x0000ce         0xcc build/default/debug/_ext/1563683617/DHCP.o
 .debug_pubnames
                  0x00019a         0x55 build/default/debug/_ext/1563683617/DNS.o
 .debug_pubnames
                  0x0001ef        0x11b build/default/debug/_ext/1563683617/Helpers.o
 .debug_pubnames
                  0x00030a         0xcf build/default/debug/_ext/1563683617/HTTP2.o
 .debug_pubnames
                  0x0003d9         0x22 build/default/debug/_ext/1563683617/ICMP.o
 .debug_pubnames
                  0x0003fb         0x44 build/default/debug/_ext/1563683617/IP.o
 .debug_pubnames
                  0x00043f        0x140 build/default/debug/_ext/1563683617/MPFS2.o
 .debug_pubnames
                  0x00057f         0x1f build/default/debug/_ext/1563683617/NBNS.o
 .debug_pubnames
                  0x00059e         0x21 build/default/debug/_ext/1563683617/Reboot.o
 .debug_pubnames
                  0x0005bf         0x37 build/default/debug/_ext/1563683617/SNTP.o
 .debug_pubnames
                  0x0005f6         0x53 build/default/debug/_ext/1563683617/StackTsk.o
 .debug_pubnames
                  0x000649        0x1ba build/default/debug/_ext/1563683617/TCP.o
 .debug_pubnames
                  0x000803         0x7e build/default/debug/_ext/1563683617/Tick.o
 .debug_pubnames
                  0x000881         0x6f build/default/debug/_ext/1563683617/UART.o
 .debug_pubnames
                  0x0008f0        0x155 build/default/debug/_ext/1563683617/UDP.o
 .debug_pubnames
                  0x000a45        0x1cb build/default/debug/_ext/1563683617/ENCX24J600.o
 .debug_pubnames
                  0x000c10         0x4f build/default/debug/_ext/1563683617/UART1TCPBridge.o
 .debug_pubnames
                  0x000c5f        0x1c2 build/default/debug/_ext/1472/CustomHTTPApp.o
 .debug_pubnames
                  0x000e21         0x1b build/default/debug/_ext/1472/Main.o
 .debug_pubnames
                  0x000e3c         0x3a build/default/debug/_ext/1472/board_init.o
 .debug_pubnames
                  0x000e76         0x1f build/default/debug/_ext/1472/app_init.o
 .debug_pubnames
                  0x000e95         0x57 build/default/debug/_ext/1472/net_tasks.o
 .debug_pubnames
                  0x000eec         0x24 build/default/debug/_ext/1472/time_sync.o
 .debug_pubnames
                  0x000f10         0x4d build/default/debug/_ext/1472/uart_utils.o
 .debug_pubnames
                  0x000f5d         0x23 build/default/debug/_ext/1472/interrupts.o
 .debug_pubnames
                  0x000f80        0x830 build/default/debug/_ext/1472/03_variables.o
 .debug_pubnames
                  0x0017b0         0xa6 build/default/debug/_ext/1472/02_Constantes.o
 .debug_pubnames
                  0x001856        0x32f build/default/debug/_ext/1472/04_Fonctions.o
 .debug_pubnames
                  0x001b85         0xb4 build/default/debug/_ext/1472/EEPROM.o
 .debug_pubnames
                  0x001c39         0x36 build/default/debug/_ext/1472/nv_mem.o

.debug_ranges
 *(.debug_ranges)

.debug_aranges    0x000000        0x590
 *(.debug_aranges)
 .debug_aranges
                  0x000000         0x18 build/default/debug/_ext/1563683617/Announce.o
 .debug_aranges
                  0x000018         0x18 build/default/debug/_ext/1563683617/ARP.o
 .debug_aranges
                  0x000030         0x18 build/default/debug/_ext/1563683617/Delay.o
 .debug_aranges
                  0x000048         0x18 build/default/debug/_ext/1563683617/DHCP.o
 .debug_aranges
                  0x000060         0x18 build/default/debug/_ext/1563683617/DNS.o
 .debug_aranges
                  0x000078         0x18 build/default/debug/_ext/1563683617/Helpers.o
 .debug_aranges
                  0x000090         0x18 build/default/debug/_ext/1563683617/HTTP2.o
 .debug_aranges
                  0x0000a8         0x18 build/default/debug/_ext/1563683617/ICMP.o
 .debug_aranges
                  0x0000c0         0x18 build/default/debug/_ext/1563683617/IP.o
 .debug_aranges
                  0x0000d8         0x18 build/default/debug/_ext/1563683617/MPFS2.o
 .debug_aranges
                  0x0000f0         0x18 build/default/debug/_ext/1563683617/NBNS.o
 .debug_aranges
                  0x000108         0x18 build/default/debug/_ext/1563683617/Reboot.o
 .debug_aranges
                  0x000120         0x18 build/default/debug/_ext/1563683617/SNTP.o
 .debug_aranges
                  0x000138         0x18 build/default/debug/_ext/1563683617/StackTsk.o
 .debug_aranges
                  0x000150         0x18 build/default/debug/_ext/1563683617/TCP.o
 .debug_aranges
                  0x000168         0x18 build/default/debug/_ext/1563683617/Tick.o
 .debug_aranges
                  0x000180         0x18 build/default/debug/_ext/1563683617/UART.o
 .debug_aranges
                  0x000198         0x18 build/default/debug/_ext/1563683617/UDP.o
 .debug_aranges
                  0x0001b0         0x18 build/default/debug/_ext/1563683617/ENCX24J600.o
 .debug_aranges
                  0x0001c8         0x18 build/default/debug/_ext/1563683617/UART1TCPBridge.o
 .debug_aranges
                  0x0001e0         0x18 build/default/debug/_ext/1472/CustomHTTPApp.o
 .debug_aranges
                  0x0001f8         0x28 build/default/debug/_ext/164278092/PW_indus.o
 .debug_aranges
                  0x000220         0x18 build/default/debug/_ext/1472/Main.o
 .debug_aranges
                  0x000238         0x18 build/default/debug/_ext/1472/board_init.o
 .debug_aranges
                  0x000250         0x18 build/default/debug/_ext/1472/app_init.o
 .debug_aranges
                  0x000268         0x18 build/default/debug/_ext/1472/net_tasks.o
 .debug_aranges
                  0x000280         0x18 build/default/debug/_ext/1472/time_sync.o
 .debug_aranges
                  0x000298         0x18 build/default/debug/_ext/1472/uart_utils.o
 .debug_aranges
                  0x0002b0         0x18 build/default/debug/_ext/1472/interrupts.o
 .debug_aranges
                  0x0002c8         0x18 build/default/debug/_ext/1472/04_Fonctions.o
 .debug_aranges
                  0x0002e0         0x18 build/default/debug/_ext/1472/EEPROM.o
 .debug_aranges
                  0x0002f8         0x18 build/default/debug/_ext/1472/nv_mem.o
 .debug_aranges
                  0x000310         0x20 c:/program files/microchip/xc16/v2.10/bin/bin/../../lib\libc99-pic30-elf.a(udivsi3.XX_o)
 .debug_aranges
                  0x000330         0x20 c:/program files/microchip/xc16/v2.10/bin/bin/../../lib\libc99-pic30-elf.a(umuldi3.XX_o)
 .debug_aranges
                  0x000350         0x20 c:/program files/microchip/xc16/v2.10/bin/bin/../../lib\libc99-pic30-elf.a(deqltle.XX_o)
 .debug_aranges
                  0x000370         0x20 c:/program files/microchip/xc16/v2.10/bin/bin/../../lib\libc99-pic30-elf.a(dgtge.XX_o)
 .debug_aranges
                  0x000390         0x20 c:/program files/microchip/xc16/v2.10/bin/bin/../../lib\libc99-pic30-elf.a(divsi3.XX_o)
 .debug_aranges
                  0x0003b0         0x20 c:/program files/microchip/xc16/v2.10/bin/bin/../../lib\libc99-pic30-elf.a(extendsfdf.XX_o)
 .debug_aranges
                  0x0003d0         0x20 c:/program files/microchip/xc16/v2.10/bin/bin/../../lib\libc99-pic30-elf.a(fixdfsi.XX_o)
 .debug_aranges
                  0x0003f0         0x20 c:/program files/microchip/xc16/v2.10/bin/bin/../../lib\libc99-pic30-elf.a(funpack.XX_o)
 .debug_aranges
                  0x000410         0x20 c:/program files/microchip/xc16/v2.10/bin/bin/../../lib\libc99-pic30-elf.a(modsi3.XX_o)
 .debug_aranges
                  0x000430         0x20 c:/program files/microchip/xc16/v2.10/bin/bin/../../lib\libc99-pic30-elf.a(umodsi3.XX_o)
 .debug_aranges
                  0x000450         0x20 c:/program files/microchip/xc16/v2.10/bin/bin/../../lib\libc99-pic30-elf.a(mulsi3.XX_o)
 .debug_aranges
                  0x000470         0x20 c:/program files/microchip/xc16/v2.10/bin/bin/../../lib\libc99-pic30-elf.a(dpadd.XX_o)
 .debug_aranges
                  0x000490         0x20 c:/program files/microchip/xc16/v2.10/bin/bin/../../lib\libc99-pic30-elf.a(dpdiv.XX_o)
 .debug_aranges
                  0x0004b0         0x20 c:/program files/microchip/xc16/v2.10/bin/bin/../../lib\libc99-pic30-elf.a(dpmul.XX_o)
 .debug_aranges
                  0x0004d0         0x20 c:/program files/microchip/xc16/v2.10/bin/bin/../../lib\libc99-pic30-elf.a(dpsubs.XX_o)
 .debug_aranges
                  0x0004f0         0x20 c:/program files/microchip/xc16/v2.10/bin/bin/../../lib\libc99-pic30-elf.a(dcompare.XX_o)
 .debug_aranges
                  0x000510         0x20 c:/program files/microchip/xc16/v2.10/bin/bin/../../lib\libc99-pic30-elf.a(dtype.XX_o)
 .debug_aranges
                  0x000530         0x20 c:/program files/microchip/xc16/v2.10/bin/bin/../../lib\libc99-pic30-elf.a(dunpack.XX_o)
 .debug_aranges
                  0x000550         0x20 c:/program files/microchip/xc16/v2.10/bin/bin/../../lib\libc99-pic30-elf.a(dunpack2.XX_o)
 .debug_aranges
                  0x000570         0x20 c:/program files/microchip/xc16/v2.10/bin/bin/../../lib\libc99-pic30-elf.a(dpropagateNaN.XX_o)
                    0x0000                  WREG0 = 0x0
                    0x0000                  _WREG0 = 0x0
                    0x0002                  WREG1 = 0x2
                    0x0002                  _WREG1 = 0x2
                    0x0004                  WREG2 = 0x4
                    0x0004                  _WREG2 = 0x4
                    0x0006                  WREG3 = 0x6
                    0x0006                  _WREG3 = 0x6
                    0x0008                  WREG4 = 0x8
                    0x0008                  _WREG4 = 0x8
                    0x000a                  WREG5 = 0xa
                    0x000a                  _WREG5 = 0xa
                    0x000c                  WREG6 = 0xc
                    0x000c                  _WREG6 = 0xc
                    0x000e                  WREG7 = 0xe
                    0x000e                  _WREG7 = 0xe
                    0x0010                  WREG8 = 0x10
                    0x0010                  _WREG8 = 0x10
                    0x0012                  WREG9 = 0x12
                    0x0012                  _WREG9 = 0x12
                    0x0014                  WREG10 = 0x14
                    0x0014                  _WREG10 = 0x14
                    0x0016                  WREG11 = 0x16
                    0x0016                  _WREG11 = 0x16
                    0x0018                  WREG12 = 0x18
                    0x0018                  _WREG12 = 0x18
                    0x001a                  WREG13 = 0x1a
                    0x001a                  _WREG13 = 0x1a
                    0x001c                  WREG14 = 0x1c
                    0x001c                  _WREG14 = 0x1c
                    0x001e                  WREG15 = 0x1e
                    0x001e                  _WREG15 = 0x1e
                    0x0020                  SPLIM = 0x20
                    0x0020                  _SPLIM = 0x20
                    0x002e                  PCL = 0x2e
                    0x002e                  _PCL = 0x2e
                    0x0030                  PCH = 0x30
                    0x0030                  _PCH = 0x30
                    0x0032                  TBLPAG = 0x32
                    0x0032                  _TBLPAG = 0x32
                    0x0034                  PSVPAG = 0x34
                    0x0034                  _PSVPAG = 0x34
                    0x0036                  RCOUNT = 0x36
                    0x0036                  _RCOUNT = 0x36
                    0x0042                  SR = 0x42
                    0x0042                  _SR = 0x42
                    0x0042                  _SRbits = 0x42
                    0x0044                  CORCON = 0x44
                    0x0044                  _CORCON = 0x44
                    0x0044                  _CORCONbits = 0x44
                    0x0052                  DISICNT = 0x52
                    0x0052                  _DISICNT = 0x52
                    0x0054                  CNPD1 = 0x54
                    0x0054                  _CNPD1 = 0x54
                    0x0054                  _CNPD1bits = 0x54
                    0x0056                  CNPD2 = 0x56
                    0x0056                  _CNPD2 = 0x56
                    0x0056                  _CNPD2bits = 0x56
                    0x0058                  CNPD3 = 0x58
                    0x0058                  _CNPD3 = 0x58
                    0x0058                  _CNPD3bits = 0x58
                    0x005a                  CNPD4 = 0x5a
                    0x005a                  _CNPD4 = 0x5a
                    0x005a                  _CNPD4bits = 0x5a
                    0x005c                  CNPD5 = 0x5c
                    0x005c                  _CNPD5 = 0x5c
                    0x005c                  _CNPD5bits = 0x5c
                    0x0060                  CNEN1 = 0x60
                    0x0060                  _CNEN1 = 0x60
                    0x0060                  _CNEN1bits = 0x60
                    0x0062                  CNEN2 = 0x62
                    0x0062                  _CNEN2 = 0x62
                    0x0062                  _CNEN2bits = 0x62
                    0x0064                  CNEN3 = 0x64
                    0x0064                  _CNEN3 = 0x64
                    0x0064                  _CNEN3bits = 0x64
                    0x0066                  CNEN4 = 0x66
                    0x0066                  _CNEN4 = 0x66
                    0x0066                  _CNEN4bits = 0x66
                    0x0068                  CNEN5 = 0x68
                    0x0068                  _CNEN5 = 0x68
                    0x0068                  _CNEN5bits = 0x68
                    0x006c                  CNPU1 = 0x6c
                    0x006c                  _CNPU1 = 0x6c
                    0x006c                  _CNPU1bits = 0x6c
                    0x006e                  CNPU2 = 0x6e
                    0x006e                  _CNPU2 = 0x6e
                    0x006e                  _CNPU2bits = 0x6e
                    0x0070                  CNPU3 = 0x70
                    0x0070                  _CNPU3 = 0x70
                    0x0070                  _CNPU3bits = 0x70
                    0x0072                  CNPU4 = 0x72
                    0x0072                  _CNPU4 = 0x72
                    0x0072                  _CNPU4bits = 0x72
                    0x0074                  CNPU5 = 0x74
                    0x0074                  _CNPU5 = 0x74
                    0x0074                  _CNPU5bits = 0x74
                    0x0080                  INTCON1 = 0x80
                    0x0080                  _INTCON1 = 0x80
                    0x0080                  _INTCON1bits = 0x80
                    0x0082                  INTCON2 = 0x82
                    0x0082                  _INTCON2 = 0x82
                    0x0082                  _INTCON2bits = 0x82
                    0x0084                  IFS0 = 0x84
                    0x0084                  _IFS0 = 0x84
                    0x0084                  _IFS0bits = 0x84
                    0x0086                  IFS1 = 0x86
                    0x0086                  _IFS1 = 0x86
                    0x0086                  _IFS1bits = 0x86
                    0x0088                  IFS2 = 0x88
                    0x0088                  _IFS2 = 0x88
                    0x0088                  _IFS2bits = 0x88
                    0x008a                  IFS3 = 0x8a
                    0x008a                  _IFS3 = 0x8a
                    0x008a                  _IFS3bits = 0x8a
                    0x008c                  IFS4 = 0x8c
                    0x008c                  _IFS4 = 0x8c
                    0x008c                  _IFS4bits = 0x8c
                    0x008e                  IFS5 = 0x8e
                    0x008e                  _IFS5 = 0x8e
                    0x008e                  _IFS5bits = 0x8e
                    0x0094                  IEC0 = 0x94
                    0x0094                  _IEC0 = 0x94
                    0x0094                  _IEC0bits = 0x94
                    0x0096                  IEC1 = 0x96
                    0x0096                  _IEC1 = 0x96
                    0x0096                  _IEC1bits = 0x96
                    0x0098                  IEC2 = 0x98
                    0x0098                  _IEC2 = 0x98
                    0x0098                  _IEC2bits = 0x98
                    0x009a                  IEC3 = 0x9a
                    0x009a                  _IEC3 = 0x9a
                    0x009a                  _IEC3bits = 0x9a
                    0x009c                  IEC4 = 0x9c
                    0x009c                  _IEC4 = 0x9c
                    0x009c                  _IEC4bits = 0x9c
                    0x009e                  IEC5 = 0x9e
                    0x009e                  _IEC5 = 0x9e
                    0x009e                  _IEC5bits = 0x9e
                    0x00a4                  IPC0 = 0xa4
                    0x00a4                  _IPC0 = 0xa4
                    0x00a4                  _IPC0bits = 0xa4
                    0x00a6                  IPC1 = 0xa6
                    0x00a6                  _IPC1 = 0xa6
                    0x00a6                  _IPC1bits = 0xa6
                    0x00a8                  IPC2 = 0xa8
                    0x00a8                  _IPC2 = 0xa8
                    0x00a8                  _IPC2bits = 0xa8
                    0x00aa                  IPC3 = 0xaa
                    0x00aa                  _IPC3 = 0xaa
                    0x00aa                  _IPC3bits = 0xaa
                    0x00ac                  IPC4 = 0xac
                    0x00ac                  _IPC4 = 0xac
                    0x00ac                  _IPC4bits = 0xac
                    0x00ae                  IPC5 = 0xae
                    0x00ae                  _IPC5 = 0xae
                    0x00ae                  _IPC5bits = 0xae
                    0x00b0                  IPC6 = 0xb0
                    0x00b0                  _IPC6 = 0xb0
                    0x00b0                  _IPC6bits = 0xb0
                    0x00b2                  IPC7 = 0xb2
                    0x00b2                  _IPC7 = 0xb2
                    0x00b2                  _IPC7bits = 0xb2
                    0x00b4                  IPC8 = 0xb4
                    0x00b4                  _IPC8 = 0xb4
                    0x00b4                  _IPC8bits = 0xb4
                    0x00b6                  IPC9 = 0xb6
                    0x00b6                  _IPC9 = 0xb6
                    0x00b6                  _IPC9bits = 0xb6
                    0x00b8                  IPC10 = 0xb8
                    0x00b8                  _IPC10 = 0xb8
                    0x00b8                  _IPC10bits = 0xb8
                    0x00ba                  IPC11 = 0xba
                    0x00ba                  _IPC11 = 0xba
                    0x00ba                  _IPC11bits = 0xba
                    0x00bc                  IPC12 = 0xbc
                    0x00bc                  _IPC12 = 0xbc
                    0x00bc                  _IPC12bits = 0xbc
                    0x00be                  IPC13 = 0xbe
                    0x00be                  _IPC13 = 0xbe
                    0x00be                  _IPC13bits = 0xbe
                    0x00c2                  IPC15 = 0xc2
                    0x00c2                  _IPC15 = 0xc2
                    0x00c2                  _IPC15bits = 0xc2
                    0x00c4                  IPC16 = 0xc4
                    0x00c4                  _IPC16 = 0xc4
                    0x00c4                  _IPC16bits = 0xc4
                    0x00c8                  IPC18 = 0xc8
                    0x00c8                  _IPC18 = 0xc8
                    0x00c8                  _IPC18bits = 0xc8
                    0x00ca                  IPC19 = 0xca
                    0x00ca                  _IPC19 = 0xca
                    0x00ca                  _IPC19bits = 0xca
                    0x00cc                  IPC20 = 0xcc
                    0x00cc                  _IPC20 = 0xcc
                    0x00cc                  _IPC20bits = 0xcc
                    0x00ce                  IPC21 = 0xce
                    0x00ce                  _IPC21 = 0xce
                    0x00ce                  _IPC21bits = 0xce
                    0x00d0                  IPC22 = 0xd0
                    0x00d0                  _IPC22 = 0xd0
                    0x00d0                  _IPC22bits = 0xd0
                    0x00d2                  IPC23 = 0xd2
                    0x00d2                  _IPC23 = 0xd2
                    0x00d2                  _IPC23bits = 0xd2
                    0x00e0                  INTTREG = 0xe0
                    0x00e0                  _INTTREG = 0xe0
                    0x00e0                  _INTTREGbits = 0xe0
                    0x0100                  TMR1 = 0x100
                    0x0100                  _TMR1 = 0x100
                    0x0102                  PR1 = 0x102
                    0x0102                  _PR1 = 0x102
                    0x0104                  T1CON = 0x104
                    0x0104                  _T1CON = 0x104
                    0x0104                  _T1CONbits = 0x104
                    0x0106                  TMR2 = 0x106
                    0x0106                  _TMR2 = 0x106
                    0x0108                  TMR3HLD = 0x108
                    0x0108                  _TMR3HLD = 0x108
                    0x010a                  TMR3 = 0x10a
                    0x010a                  _TMR3 = 0x10a
                    0x010c                  PR2 = 0x10c
                    0x010c                  _PR2 = 0x10c
                    0x010e                  PR3 = 0x10e
                    0x010e                  _PR3 = 0x10e
                    0x0110                  T2CON = 0x110
                    0x0110                  _T2CON = 0x110
                    0x0110                  _T2CONbits = 0x110
                    0x0112                  T3CON = 0x112
                    0x0112                  _T3CON = 0x112
                    0x0112                  _T3CONbits = 0x112
                    0x0114                  TMR4 = 0x114
                    0x0114                  _TMR4 = 0x114
                    0x0116                  TMR5HLD = 0x116
                    0x0116                  _TMR5HLD = 0x116
                    0x0118                  TMR5 = 0x118
                    0x0118                  _TMR5 = 0x118
                    0x011a                  PR4 = 0x11a
                    0x011a                  _PR4 = 0x11a
                    0x011c                  PR5 = 0x11c
                    0x011c                  _PR5 = 0x11c
                    0x011e                  T4CON = 0x11e
                    0x011e                  _T4CON = 0x11e
                    0x011e                  _T4CONbits = 0x11e
                    0x0120                  T5CON = 0x120
                    0x0120                  _T5CON = 0x120
                    0x0120                  _T5CONbits = 0x120
                    0x0140                  IC1CON1 = 0x140
                    0x0140                  _IC1CON1 = 0x140
                    0x0140                  _IC1CON1bits = 0x140
                    0x0142                  IC1CON2 = 0x142
                    0x0142                  _IC1CON2 = 0x142
                    0x0142                  _IC1CON2bits = 0x142
                    0x0144                  IC1BUF = 0x144
                    0x0144                  _IC1BUF = 0x144
                    0x0146                  IC1TMR = 0x146
                    0x0146                  _IC1TMR = 0x146
                    0x0148                  IC2CON1 = 0x148
                    0x0148                  _IC2CON1 = 0x148
                    0x0148                  _IC2CON1bits = 0x148
                    0x014a                  IC2CON2 = 0x14a
                    0x014a                  _IC2CON2 = 0x14a
                    0x014a                  _IC2CON2bits = 0x14a
                    0x014c                  IC2BUF = 0x14c
                    0x014c                  _IC2BUF = 0x14c
                    0x014e                  IC2TMR = 0x14e
                    0x014e                  _IC2TMR = 0x14e
                    0x0150                  IC3CON1 = 0x150
                    0x0150                  _IC3CON1 = 0x150
                    0x0150                  _IC3CON1bits = 0x150
                    0x0152                  IC3CON2 = 0x152
                    0x0152                  _IC3CON2 = 0x152
                    0x0152                  _IC3CON2bits = 0x152
                    0x0154                  IC3BUF = 0x154
                    0x0154                  _IC3BUF = 0x154
                    0x0156                  IC3TMR = 0x156
                    0x0156                  _IC3TMR = 0x156
                    0x0158                  IC4CON1 = 0x158
                    0x0158                  _IC4CON1 = 0x158
                    0x0158                  _IC4CON1bits = 0x158
                    0x015a                  IC4CON2 = 0x15a
                    0x015a                  _IC4CON2 = 0x15a
                    0x015a                  _IC4CON2bits = 0x15a
                    0x015c                  IC4BUF = 0x15c
                    0x015c                  _IC4BUF = 0x15c
                    0x015e                  IC4TMR = 0x15e
                    0x015e                  _IC4TMR = 0x15e
                    0x0160                  IC5CON1 = 0x160
                    0x0160                  _IC5CON1 = 0x160
                    0x0160                  _IC5CON1bits = 0x160
                    0x0162                  IC5CON2 = 0x162
                    0x0162                  _IC5CON2 = 0x162
                    0x0162                  _IC5CON2bits = 0x162
                    0x0164                  IC5BUF = 0x164
                    0x0164                  _IC5BUF = 0x164
                    0x0166                  IC5TMR = 0x166
                    0x0166                  _IC5TMR = 0x166
                    0x0168                  IC6CON1 = 0x168
                    0x0168                  _IC6CON1 = 0x168
                    0x0168                  _IC6CON1bits = 0x168
                    0x016a                  IC6CON2 = 0x16a
                    0x016a                  _IC6CON2 = 0x16a
                    0x016a                  _IC6CON2bits = 0x16a
                    0x016c                  IC6BUF = 0x16c
                    0x016c                  _IC6BUF = 0x16c
                    0x016e                  IC6TMR = 0x16e
                    0x016e                  _IC6TMR = 0x16e
                    0x0170                  IC7CON1 = 0x170
                    0x0170                  _IC7CON1 = 0x170
                    0x0170                  _IC7CON1bits = 0x170
                    0x0172                  IC7CON2 = 0x172
                    0x0172                  _IC7CON2 = 0x172
                    0x0172                  _IC7CON2bits = 0x172
                    0x0174                  IC7BUF = 0x174
                    0x0174                  _IC7BUF = 0x174
                    0x0176                  IC7TMR = 0x176
                    0x0176                  _IC7TMR = 0x176
                    0x0178                  IC8CON1 = 0x178
                    0x0178                  _IC8CON1 = 0x178
                    0x0178                  _IC8CON1bits = 0x178
                    0x017a                  IC8CON2 = 0x17a
                    0x017a                  _IC8CON2 = 0x17a
                    0x017a                  _IC8CON2bits = 0x17a
                    0x017c                  IC8BUF = 0x17c
                    0x017c                  _IC8BUF = 0x17c
                    0x017e                  IC8TMR = 0x17e
                    0x017e                  _IC8TMR = 0x17e
                    0x0180                  IC9CON1 = 0x180
                    0x0180                  _IC9CON1 = 0x180
                    0x0180                  _IC9CON1bits = 0x180
                    0x0182                  IC9CON2 = 0x182
                    0x0182                  _IC9CON2 = 0x182
                    0x0182                  _IC9CON2bits = 0x182
                    0x0184                  IC9BUF = 0x184
                    0x0184                  _IC9BUF = 0x184
                    0x0186                  IC9TMR = 0x186
                    0x0186                  _IC9TMR = 0x186
                    0x0190                  OC1CON1 = 0x190
                    0x0190                  _OC1CON1 = 0x190
                    0x0190                  _OC1CON1bits = 0x190
                    0x0192                  OC1CON2 = 0x192
                    0x0192                  _OC1CON2 = 0x192
                    0x0192                  _OC1CON2bits = 0x192
                    0x0194                  OC1RS = 0x194
                    0x0194                  _OC1RS = 0x194
                    0x0196                  OC1R = 0x196
                    0x0196                  _OC1R = 0x196
                    0x0198                  OC1TMR = 0x198
                    0x0198                  _OC1TMR = 0x198
                    0x019a                  OC2CON1 = 0x19a
                    0x019a                  _OC2CON1 = 0x19a
                    0x019a                  _OC2CON1bits = 0x19a
                    0x019c                  OC2CON2 = 0x19c
                    0x019c                  _OC2CON2 = 0x19c
                    0x019c                  _OC2CON2bits = 0x19c
                    0x019e                  OC2RS = 0x19e
                    0x019e                  _OC2RS = 0x19e
                    0x01a0                  OC2R = 0x1a0
                    0x01a0                  _OC2R = 0x1a0
                    0x01a2                  OC2TMR = 0x1a2
                    0x01a2                  _OC2TMR = 0x1a2
                    0x01a4                  OC3CON1 = 0x1a4
                    0x01a4                  _OC3CON1 = 0x1a4
                    0x01a4                  _OC3CON1bits = 0x1a4
                    0x01a6                  OC3CON2 = 0x1a6
                    0x01a6                  _OC3CON2 = 0x1a6
                    0x01a6                  _OC3CON2bits = 0x1a6
                    0x01a8                  OC3RS = 0x1a8
                    0x01a8                  _OC3RS = 0x1a8
                    0x01aa                  OC3R = 0x1aa
                    0x01aa                  _OC3R = 0x1aa
                    0x01ac                  OC3TMR = 0x1ac
                    0x01ac                  _OC3TMR = 0x1ac
                    0x01ae                  OC4CON1 = 0x1ae
                    0x01ae                  _OC4CON1 = 0x1ae
                    0x01ae                  _OC4CON1bits = 0x1ae
                    0x01b0                  OC4CON2 = 0x1b0
                    0x01b0                  _OC4CON2 = 0x1b0
                    0x01b0                  _OC4CON2bits = 0x1b0
                    0x01b2                  OC4RS = 0x1b2
                    0x01b2                  _OC4RS = 0x1b2
                    0x01b4                  OC4R = 0x1b4
                    0x01b4                  _OC4R = 0x1b4
                    0x01b6                  OC4TMR = 0x1b6
                    0x01b6                  _OC4TMR = 0x1b6
                    0x01b8                  OC5CON1 = 0x1b8
                    0x01b8                  _OC5CON1 = 0x1b8
                    0x01b8                  _OC5CON1bits = 0x1b8
                    0x01ba                  OC5CON2 = 0x1ba
                    0x01ba                  _OC5CON2 = 0x1ba
                    0x01ba                  _OC5CON2bits = 0x1ba
                    0x01bc                  OC5RS = 0x1bc
                    0x01bc                  _OC5RS = 0x1bc
                    0x01be                  OC5R = 0x1be
                    0x01be                  _OC5R = 0x1be
                    0x01c0                  OC5TMR = 0x1c0
                    0x01c0                  _OC5TMR = 0x1c0
                    0x01c2                  OC6CON1 = 0x1c2
                    0x01c2                  _OC6CON1 = 0x1c2
                    0x01c2                  _OC6CON1bits = 0x1c2
                    0x01c4                  OC6CON2 = 0x1c4
                    0x01c4                  _OC6CON2 = 0x1c4
                    0x01c4                  _OC6CON2bits = 0x1c4
                    0x01c6                  OC6RS = 0x1c6
                    0x01c6                  _OC6RS = 0x1c6
                    0x01c8                  OC6R = 0x1c8
                    0x01c8                  _OC6R = 0x1c8
                    0x01ca                  OC6TMR = 0x1ca
                    0x01ca                  _OC6TMR = 0x1ca
                    0x01cc                  OC7CON1 = 0x1cc
                    0x01cc                  _OC7CON1 = 0x1cc
                    0x01cc                  _OC7CON1bits = 0x1cc
                    0x01ce                  OC7CON2 = 0x1ce
                    0x01ce                  _OC7CON2 = 0x1ce
                    0x01ce                  _OC7CON2bits = 0x1ce
                    0x01d0                  OC7RS = 0x1d0
                    0x01d0                  _OC7RS = 0x1d0
                    0x01d2                  OC7R = 0x1d2
                    0x01d2                  _OC7R = 0x1d2
                    0x01d4                  OC7TMR = 0x1d4
                    0x01d4                  _OC7TMR = 0x1d4
                    0x01d6                  OC8CON1 = 0x1d6
                    0x01d6                  _OC8CON1 = 0x1d6
                    0x01d6                  _OC8CON1bits = 0x1d6
                    0x01d8                  OC8CON2 = 0x1d8
                    0x01d8                  _OC8CON2 = 0x1d8
                    0x01d8                  _OC8CON2bits = 0x1d8
                    0x01da                  OC8RS = 0x1da
                    0x01da                  _OC8RS = 0x1da
                    0x01dc                  OC8R = 0x1dc
                    0x01dc                  _OC8R = 0x1dc
                    0x01de                  OC8TMR = 0x1de
                    0x01de                  _OC8TMR = 0x1de
                    0x01e0                  OC9CON1 = 0x1e0
                    0x01e0                  _OC9CON1 = 0x1e0
                    0x01e0                  _OC9CON1bits = 0x1e0
                    0x01e2                  OC9CON2 = 0x1e2
                    0x01e2                  _OC9CON2 = 0x1e2
                    0x01e2                  _OC9CON2bits = 0x1e2
                    0x01e4                  OC9RS = 0x1e4
                    0x01e4                  _OC9RS = 0x1e4
                    0x01e6                  OC9R = 0x1e6
                    0x01e6                  _OC9R = 0x1e6
                    0x01e8                  OC9TMR = 0x1e8
                    0x01e8                  _OC9TMR = 0x1e8
                    0x0200                  I2C1RCV = 0x200
                    0x0200                  _I2C1RCV = 0x200
                    0x0202                  I2C1TRN = 0x202
                    0x0202                  _I2C1TRN = 0x202
                    0x0204                  I2C1BRG = 0x204
                    0x0204                  _I2C1BRG = 0x204
                    0x0206                  I2C1CON = 0x206
                    0x0206                  _I2C1CON = 0x206
                    0x0206                  _I2C1CONbits = 0x206
                    0x0208                  I2C1STAT = 0x208
                    0x0208                  _I2C1STAT = 0x208
                    0x0208                  _I2C1STATbits = 0x208
                    0x020a                  I2C1ADD = 0x20a
                    0x020a                  _I2C1ADD = 0x20a
                    0x020c                  I2C1MSK = 0x20c
                    0x020c                  _I2C1MSK = 0x20c
                    0x0210                  I2C2RCV = 0x210
                    0x0210                  _I2C2RCV = 0x210
                    0x0212                  I2C2TRN = 0x212
                    0x0212                  _I2C2TRN = 0x212
                    0x0214                  I2C2BRG = 0x214
                    0x0214                  _I2C2BRG = 0x214